CONNECT src=Wifi session=45608403140646 at_ms=332161
RX src=Wifi session=45608403140646 seq=1 cmd=Ping rx_ms=332167 expires_ms=332286 order=52 depth=0 status=Ping
RX src=Wifi session=45608403140646 seq=2 cmd=Forward rx_ms=332171 expires_ms=332296 order=53 depth=1 status=Queued
OUT at_ms=332185 depth=0 event=Apply(Entry { input: Input { source: Wifi, session: 45608403140646, seq: 2, expires_ms: 332296, command: Forward }, order: 53, received_ms: 332171 })
RX src=Wifi session=45608403140646 seq=3 cmd=Reverse rx_ms=332248 expires_ms=332354 order=54 depth=1 status=Queued
OUT at_ms=332252 depth=0 event=Apply(Entry { input: Input { source: Wifi, session: 45608403140646, seq: 3, expires_ms: 332354, command: Reverse }, order: 54, received_ms: 332248 })
RX src=Wifi session=45608403140646 seq=4 cmd=Forward rx_ms=332343 expires_ms=332430 order=55 depth=1 status=Queued
OUT at_ms=332356 depth=0 event=Apply(Entry { input: Input { source: Wifi, session: 45608403140646, seq: 4, expires_ms: 332430, command: Forward }, order: 55, received_ms: 332343 })
RX src=Wifi session=45608403140646 seq=5 cmd=Reverse rx_ms=332446 expires_ms=332523 order=56 depth=1 status=Queued
OUT at_ms=332462 depth=0 event=Apply(Entry { input: Input { source: Wifi, session: 45608403140646, seq: 5, expires_ms: 332523, command: Reverse }, order: 56, received_ms: 332446 })
RX src=Wifi session=45608403140646 seq=6 cmd=Forward rx_ms=332548 expires_ms=332626 order=57 depth=1 status=Queued
OUT at_ms=332567 depth=0 event=Apply(Entry { input: Input { source: Wifi, session: 45608403140646, seq: 6, expires_ms: 332626, command: Forward }, order: 57, received_ms: 332548 })
RX src=Wifi session=45608403140646 seq=7 cmd=Reverse rx_ms=332603 expires_ms=332728 order=58 depth=1 status=Queued
OUT at_ms=332614 depth=0 event=Apply(Entry { input: Input { source: Wifi, session: 45608403140646, seq: 7, expires_ms: 332728, command: Reverse }, order: 58, received_ms: 332603 })
RX src=Wifi session=45608403140646 seq=8 cmd=Forward rx_ms=332665 expires_ms=332784 order=59 depth=1 status=Queued
OUT at_ms=332680 depth=0 event=Apply(Entry { input: Input { source: Wifi, session: 45608403140646, seq: 8, expires_ms: 332784, command: Forward }, order: 59, received_ms: 332665 })
RX src=Wifi session=45608403140646 seq=9 cmd=Reverse rx_ms=332754 expires_ms=332847 order=60 depth=1 status=Queued
OUT at_ms=332765 depth=0 event=Apply(Entry { input: Input { source: Wifi, session: 45608403140646, seq: 9, expires_ms: 332847, command: Reverse }, order: 60, received_ms: 332754 })
RX src=Wifi session=45608403140646 seq=10 cmd=Forward rx_ms=332855 expires_ms=332934 order=61 depth=1 status=Queued
OUT at_ms=332871 depth=0 event=Apply(Entry { input: Input { source: Wifi, session: 45608403140646, seq: 10, expires_ms: 332934, command: Forward }, order: 61, received_ms: 332855 })
RX src=Wifi session=45608403140646 seq=11 cmd=Reverse rx_ms=332958 expires_ms=333035 order=62 depth=1 status=Queued
OUT at_ms=332977 depth=0 event=Apply(Entry { input: Input { source: Wifi, session: 45608403140646, seq: 11, expires_ms: 333035, command: Reverse }, order: 62, received_ms: 332958 })
RX src=Wifi session=45608403140646 seq=12 cmd=Forward rx_ms=333013 expires_ms=333138 order=63 depth=1 status=Queued
OUT at_ms=333022 depth=0 event=Apply(Entry { input: Input { source: Wifi, session: 45608403140646, seq: 12, expires_ms: 333138, command: Forward }, order: 63, received_ms: 333013 })
RX src=Wifi session=45608403140646 seq=13 cmd=Reverse rx_ms=333074 expires_ms=333194 order=64 depth=1 status=Queued
OUT at_ms=333089 depth=0 event=Apply(Entry { input: Input { source: Wifi, session: 45608403140646, seq: 13, expires_ms: 333194, command: Reverse }, order: 64, received_ms: 333074 })
RX src=Wifi session=45608403140646 seq=14 cmd=Forward rx_ms=333162 expires_ms=333254 order=65 depth=1 status=Queued
OUT at_ms=333176 depth=0 event=Apply(Entry { input: Input { source: Wifi, session: 45608403140646, seq: 14, expires_ms: 333254, command: Forward }, order: 65, received_ms: 333162 })
RX src=Wifi session=45608403140646 seq=15 cmd=Reverse rx_ms=333265 expires_ms=333343 order=66 depth=1 status=Queued
OUT at_ms=333282 depth=0 event=Apply(Entry { input: Input { source: Wifi, session: 45608403140646, seq: 15, expires_ms: 333343, command: Reverse }, order: 66, received_ms: 333265 })
RX src=Wifi session=45608403140646 seq=16 cmd=Forward rx_ms=333367 expires_ms=333445 order=67 depth=1 status=Queued
OUT at_ms=333368 depth=0 event=Apply(Entry { input: Input { source: Wifi, session: 45608403140646, seq: 16, expires_ms: 333445, command: Forward }, order: 67, received_ms: 333367 })
RX src=Wifi session=45608403140646 seq=17 cmd=Reverse rx_ms=333484 expires_ms=333562 order=68 depth=1 status=Queued
OUT at_ms=333495 depth=0 event=Apply(Entry { input: Input { source: Wifi, session: 45608403140646, seq: 17, expires_ms: 333562, command: Reverse }, order: 68, received_ms: 333484 })
RX src=Wifi session=45608403140646 seq=18 cmd=Forward rx_ms=333572 expires_ms=333664 order=69 depth=1 status=Queued
OUT at_ms=333580 depth=0 event=Apply(Entry { input: Input { source: Wifi, session: 45608403140646, seq: 18, expires_ms: 333664, command: Forward }, order: 69, received_ms: 333572 })
RX src=Wifi session=45608403140646 seq=19 cmd=Reverse rx_ms=333674 expires_ms=333752 order=70 depth=1 status=Queued
OUT at_ms=333688 depth=0 event=Apply(Entry { input: Input { source: Wifi, session: 45608403140646, seq: 19, expires_ms: 333752, command: Reverse }, order: 70, received_ms: 333674 })
RX src=Wifi session=45608403140646 seq=20 cmd=Forward rx_ms=333777 expires_ms=333855 order=71 depth=1 status=Queued
OUT at_ms=333793 depth=0 event=Apply(Entry { input: Input { source: Wifi, session: 45608403140646, seq: 20, expires_ms: 333855, command: Forward }, order: 71, received_ms: 333777 })
RX src=Wifi session=45608403140646 seq=21 cmd=Reverse rx_ms=333832 expires_ms=333957 order=72 depth=1 status=Queued
OUT at_ms=333838 depth=0 event=Apply(Entry { input: Input { source: Wifi, session: 45608403140646, seq: 21, expires_ms: 333957, command: Reverse }, order: 72, received_ms: 333832 })
RX src=Wifi session=45608403140646 seq=22 cmd=Forward rx_ms=333894 expires_ms=334013 order=73 depth=1 status=Queued
OUT at_ms=333908 depth=0 event=Apply(Entry { input: Input { source: Wifi, session: 45608403140646, seq: 22, expires_ms: 334013, command: Forward }, order: 73, received_ms: 333894 })
RX src=Wifi session=45608403140646 seq=23 cmd=Reverse rx_ms=333981 expires_ms=334074 order=74 depth=1 status=Queued
OUT at_ms=333995 depth=0 event=Apply(Entry { input: Input { source: Wifi, session: 45608403140646, seq: 23, expires_ms: 334074, command: Reverse }, order: 74, received_ms: 333981 })
RX src=Wifi session=45608403140646 seq=24 cmd=Forward rx_ms=334084 expires_ms=334162 order=75 depth=1 status=Queued
OUT at_ms=334101 depth=0 event=Apply(Entry { input: Input { source: Wifi, session: 45608403140646, seq: 24, expires_ms: 334162, command: Forward }, order: 75, received_ms: 334084 })
RX src=Wifi session=45608403140646 seq=25 cmd=Reverse rx_ms=334186 expires_ms=334264 order=76 depth=1 status=Queued
OUT at_ms=334187 depth=0 event=Apply(Entry { input: Input { source: Wifi, session: 45608403140646, seq: 25, expires_ms: 334264, command: Reverse }, order: 76, received_ms: 334186 })
RX src=Wifi session=45608403140646 seq=26 cmd=Forward rx_ms=334307 expires_ms=334381 order=77 depth=1 status=Queued
OUT at_ms=334312 depth=0 event=Apply(Entry { input: Input { source: Wifi, session: 45608403140646, seq: 26, expires_ms: 334381, command: Forward }, order: 77, received_ms: 334307 })
RX src=Wifi session=45608403140646 seq=27 cmd=Reverse rx_ms=334392 expires_ms=334487 order=78 depth=1 status=Queued
OUT at_ms=334393 depth=0 event=Apply(Entry { input: Input { source: Wifi, session: 45608403140646, seq: 27, expires_ms: 334487, command: Reverse }, order: 78, received_ms: 334392 })
RX src=Wifi session=45608403140646 seq=28 cmd=Forward rx_ms=334493 expires_ms=334586 order=79 depth=1 status=Queued
OUT at_ms=334497 depth=0 event=Apply(Entry { input: Input { source: Wifi, session: 45608403140646, seq: 28, expires_ms: 334586, command: Forward }, order: 79, received_ms: 334493 })
RX src=Wifi session=45608403140646 seq=29 cmd=Reverse rx_ms=334596 expires_ms=334673 order=80 depth=1 status=Queued
OUT at_ms=334599 depth=0 event=Apply(Entry { input: Input { source: Wifi, session: 45608403140646, seq: 29, expires_ms: 334673, command: Reverse }, order: 80, received_ms: 334596 })
RX src=Wifi session=45608403140646 seq=30 cmd=Forward rx_ms=334651 expires_ms=334776 order=81 depth=1 status=Queued
OUT at_ms=334662 depth=0 event=Apply(Entry { input: Input { source: Wifi, session: 45608403140646, seq: 30, expires_ms: 334776, command: Forward }, order: 81, received_ms: 334651 })
RX src=Wifi session=45608403140646 seq=31 cmd=Reverse rx_ms=334713 expires_ms=334832 order=82 depth=1 status=Queued
OUT at_ms=334728 depth=0 event=Apply(Entry { input: Input { source: Wifi, session: 45608403140646, seq: 31, expires_ms: 334832, command: Reverse }, order: 82, received_ms: 334713 })
RX src=Wifi session=45608403140646 seq=32 cmd=Forward rx_ms=334801 expires_ms=334893 order=83 depth=1 status=Queued
OUT at_ms=334814 depth=0 event=Apply(Entry { input: Input { source: Wifi, session: 45608403140646, seq: 32, expires_ms: 334893, command: Forward }, order: 83, received_ms: 334801 })
RX src=Wifi session=45608403140646 seq=33 cmd=Reverse rx_ms=334904 expires_ms=334981 order=84 depth=1 status=Queued
OUT at_ms=334920 depth=0 event=Apply(Entry { input: Input { source: Wifi, session: 45608403140646, seq: 33, expires_ms: 334981, command: Reverse }, order: 84, received_ms: 334904 })
RX src=Wifi session=45608403140646 seq=34 cmd=Forward rx_ms=335006 expires_ms=335085 order=85 depth=1 status=Queued
OUT at_ms=335006 depth=0 event=Apply(Entry { input: Input { source: Wifi, session: 45608403140646, seq: 34, expires_ms: 335085, command: Forward }, order: 85, received_ms: 335006 })
RX src=Wifi session=45608403140646 seq=35 cmd=Reverse rx_ms=335122 expires_ms=335200 order=86 depth=1 status=Queued
OUT at_ms=335132 depth=0 event=Apply(Entry { input: Input { source: Wifi, session: 45608403140646, seq: 35, expires_ms: 335200, command: Reverse }, order: 86, received_ms: 335122 })
RX src=Wifi session=45608403140646 seq=36 cmd=Forward rx_ms=335212 expires_ms=335302 order=87 depth=1 status=Queued
OUT at_ms=335219 depth=0 event=Apply(Entry { input: Input { source: Wifi, session: 45608403140646, seq: 36, expires_ms: 335302, command: Forward }, order: 87, received_ms: 335212 })
RX src=Wifi session=45608403140646 seq=37 cmd=Reverse rx_ms=335313 expires_ms=335392 order=88 depth=1 status=Queued
OUT at_ms=335328 depth=0 event=Apply(Entry { input: Input { source: Wifi, session: 45608403140646, seq: 37, expires_ms: 335392, command: Reverse }, order: 88, received_ms: 335313 })
RX src=Wifi session=45608403140646 seq=38 cmd=Forward rx_ms=335415 expires_ms=335493 order=89 depth=1 status=Queued
OUT at_ms=335434 depth=0 event=Apply(Entry { input: Input { source: Wifi, session: 45608403140646, seq: 38, expires_ms: 335493, command: Forward }, order: 89, received_ms: 335415 })
RX src=Wifi session=45608403140646 seq=39 cmd=Reverse rx_ms=335470 expires_ms=335595 order=90 depth=1 status=Queued
OUT at_ms=335481 depth=0 event=Apply(Entry { input: Input { source: Wifi, session: 45608403140646, seq: 39, expires_ms: 335595, command: Reverse }, order: 90, received_ms: 335470 })
RX src=Wifi session=45608403140646 seq=40 cmd=Forward rx_ms=335532 expires_ms=335651 order=91 depth=1 status=Queued
OUT at_ms=335547 depth=0 event=Apply(Entry { input: Input { source: Wifi, session: 45608403140646, seq: 40, expires_ms: 335651, command: Forward }, order: 91, received_ms: 335532 })
RX src=Wifi session=45608403140646 seq=41 cmd=Reverse rx_ms=335620 expires_ms=335712 order=92 depth=1 status=Queued
OUT at_ms=335633 depth=0 event=Apply(Entry { input: Input { source: Wifi, session: 45608403140646, seq: 41, expires_ms: 335712, command: Reverse }, order: 92, received_ms: 335620 })
RX src=Wifi session=45608403140646 seq=42 cmd=Forward rx_ms=335722 expires_ms=335800 order=93 depth=1 status=Queued
OUT at_ms=335738 depth=0 event=Apply(Entry { input: Input { source: Wifi, session: 45608403140646, seq: 42, expires_ms: 335800, command: Forward }, order: 93, received_ms: 335722 })
RX src=Wifi session=45608403140646 seq=43 cmd=Reverse rx_ms=335825 expires_ms=335902 order=94 depth=1 status=Queued
OUT at_ms=335825 depth=0 event=Apply(Entry { input: Input { source: Wifi, session: 45608403140646, seq: 43, expires_ms: 335902, command: Reverse }, order: 94, received_ms: 335825 })
RX src=Wifi session=45608403140646 seq=44 cmd=Forward rx_ms=335942 expires_ms=336019 order=95 depth=1 status=Queued
OUT at_ms=335950 depth=0 event=Apply(Entry { input: Input { source: Wifi, session: 45608403140646, seq: 44, expires_ms: 336019, command: Forward }, order: 95, received_ms: 335942 })
RX src=Wifi session=45608403140646 seq=45 cmd=Reverse rx_ms=336029 expires_ms=336122 order=96 depth=1 status=Queued
OUT at_ms=336037 depth=0 event=Apply(Entry { input: Input { source: Wifi, session: 45608403140646, seq: 45, expires_ms: 336122, command: Reverse }, order: 96, received_ms: 336029 })
RX src=Wifi session=45608403140646 seq=46 cmd=Forward rx_ms=336127 expires_ms=336210 order=97 depth=1 status=Queued
OUT at_ms=336145 depth=0 event=Apply(Entry { input: Input { source: Wifi, session: 45608403140646, seq: 46, expires_ms: 336210, command: Forward }, order: 97, received_ms: 336127 })
RX src=Wifi session=45608403140646 seq=47 cmd=Reverse rx_ms=336232 expires_ms=336308 order=98 depth=1 status=Queued
OUT at_ms=336251 depth=0 event=Apply(Entry { input: Input { source: Wifi, session: 45608403140646, seq: 47, expires_ms: 336308, command: Reverse }, order: 98, received_ms: 336232 })
RX src=Wifi session=45608403140646 seq=48 cmd=Forward rx_ms=336288 expires_ms=336412 order=99 depth=1 status=Queued
OUT at_ms=336296 depth=0 event=Apply(Entry { input: Input { source: Wifi, session: 45608403140646, seq: 48, expires_ms: 336412, command: Forward }, order: 99, received_ms: 336288 })
RX src=Wifi session=45608403140646 seq=49 cmd=Reverse rx_ms=336346 expires_ms=336471 order=100 depth=1 status=Queued
OUT at_ms=336364 depth=0 event=Apply(Entry { input: Input { source: Wifi, session: 45608403140646, seq: 49, expires_ms: 336471, command: Reverse }, order: 100, received_ms: 336346 })
RX src=Wifi session=45608403140646 seq=50 cmd=Forward rx_ms=336436 expires_ms=336526 order=101 depth=1 status=Queued
OUT at_ms=336450 depth=0 event=Apply(Entry { input: Input { source: Wifi, session: 45608403140646, seq: 50, expires_ms: 336526, command: Forward }, order: 101, received_ms: 336436 })
RX src=Wifi session=45608403140646 seq=51 cmd=Reverse rx_ms=336537 expires_ms=336617 order=102 depth=1 status=Queued
OUT at_ms=336556 depth=0 event=Apply(Entry { input: Input { source: Wifi, session: 45608403140646, seq: 51, expires_ms: 336617, command: Reverse }, order: 102, received_ms: 336537 })
RX src=Wifi session=45608403140646 seq=52 cmd=Forward rx_ms=336641 expires_ms=336718 order=103 depth=1 status=Queued
OUT at_ms=336642 depth=0 event=Apply(Entry { input: Input { source: Wifi, session: 45608403140646, seq: 52, expires_ms: 336718, command: Forward }, order: 103, received_ms: 336641 })
RX src=Wifi session=45608403140646 seq=53 cmd=Reverse rx_ms=336756 expires_ms=336836 order=104 depth=1 status=Queued
OUT at_ms=336769 depth=0 event=Apply(Entry { input: Input { source: Wifi, session: 45608403140646, seq: 53, expires_ms: 336836, command: Reverse }, order: 104, received_ms: 336756 })
RX src=Wifi session=45608403140646 seq=54 cmd=Forward rx_ms=336846 expires_ms=336936 order=105 depth=1 status=Queued
OUT at_ms=336854 depth=0 event=Apply(Entry { input: Input { source: Wifi, session: 45608403140646, seq: 54, expires_ms: 336936, command: Forward }, order: 105, received_ms: 336846 })
RX src=Wifi session=45608403140646 seq=55 cmd=Reverse rx_ms=336946 expires_ms=337026 order=106 depth=1 status=Queued
OUT at_ms=336962 depth=0 event=Apply(Entry { input: Input { source: Wifi, session: 45608403140646, seq: 55, expires_ms: 337026, command: Reverse }, order: 106, received_ms: 336946 })
RX src=Wifi session=45608403140646 seq=56 cmd=Forward rx_ms=337049 expires_ms=337128 order=107 depth=1 status=Queued
OUT at_ms=337050 depth=0 event=Apply(Entry { input: Input { source: Wifi, session: 45608403140646, seq: 56, expires_ms: 337128, command: Forward }, order: 107, received_ms: 337049 })
RX src=Wifi session=45608403140646 seq=57 cmd=Reverse rx_ms=337165 expires_ms=337243 order=108 depth=1 status=Queued
OUT at_ms=337176 depth=0 event=Apply(Entry { input: Input { source: Wifi, session: 45608403140646, seq: 57, expires_ms: 337243, command: Reverse }, order: 108, received_ms: 337165 })
RX src=Wifi session=45608403140646 seq=58 cmd=Forward rx_ms=337256 expires_ms=337345 order=109 depth=1 status=Queued
OUT at_ms=337262 depth=0 event=Apply(Entry { input: Input { source: Wifi, session: 45608403140646, seq: 58, expires_ms: 337345, command: Forward }, order: 109, received_ms: 337256 })
RX src=Wifi session=45608403140646 seq=59 cmd=Reverse rx_ms=337357 expires_ms=337436 order=110 depth=1 status=Queued
OUT at_ms=337371 depth=0 event=Apply(Entry { input: Input { source: Wifi, session: 45608403140646, seq: 59, expires_ms: 337436, command: Reverse }, order: 110, received_ms: 337357 })
RX src=Wifi session=45608403140646 seq=60 cmd=Forward rx_ms=337461 expires_ms=337538 order=111 depth=1 status=Queued
OUT at_ms=337477 depth=0 event=Apply(Entry { input: Input { source: Wifi, session: 45608403140646, seq: 60, expires_ms: 337538, command: Forward }, order: 111, received_ms: 337461 })
RX src=Wifi session=45608403140646 seq=61 cmd=Reverse rx_ms=337517 expires_ms=337641 order=112 depth=1 status=Queued
OUT at_ms=337522 depth=0 event=Apply(Entry { input: Input { source: Wifi, session: 45608403140646, seq: 61, expires_ms: 337641, command: Reverse }, order: 112, received_ms: 337517 })
RX src=Wifi session=45608403140646 seq=62 cmd=Forward rx_ms=337575 expires_ms=337700 order=113 depth=1 status=Queued
OUT at_ms=337583 depth=0 event=Apply(Entry { input: Input { source: Wifi, session: 45608403140646, seq: 62, expires_ms: 337700, command: Forward }, order: 113, received_ms: 337575 })
RX src=Wifi session=45608403140646 seq=63 cmd=Reverse rx_ms=337665 expires_ms=337755 order=114 depth=1 status=Queued
OUT at_ms=337671 depth=0 event=Apply(Entry { input: Input { source: Wifi, session: 45608403140646, seq: 63, expires_ms: 337755, command: Reverse }, order: 114, received_ms: 337665 })
RX src=Wifi session=45608403140646 seq=64 cmd=Forward rx_ms=337767 expires_ms=337845 order=115 depth=1 status=Queued
OUT at_ms=337782 depth=0 event=Apply(Entry { input: Input { source: Wifi, session: 45608403140646, seq: 64, expires_ms: 337845, command: Forward }, order: 115, received_ms: 337767 })
RX src=Wifi session=45608403140646 seq=65 cmd=Reverse rx_ms=337871 expires_ms=337948 order=116 depth=1 status=Queued
OUT at_ms=337887 depth=0 event=Apply(Entry { input: Input { source: Wifi, session: 45608403140646, seq: 65, expires_ms: 337948, command: Reverse }, order: 116, received_ms: 337871 })
RX src=Wifi session=45608403140646 seq=66 cmd=Forward rx_ms=337928 expires_ms=338053 order=117 depth=1 status=Queued
OUT at_ms=337932 depth=0 event=Apply(Entry { input: Input { source: Wifi, session: 45608403140646, seq: 66, expires_ms: 338053, command: Forward }, order: 117, received_ms: 337928 })
RX src=Wifi session=45608403140646 seq=67 cmd=Reverse rx_ms=338075 expires_ms=338162 order=118 depth=1 status=Queued
OUT at_ms=338076 depth=0 event=Apply(Entry { input: Input { source: Wifi, session: 45608403140646, seq: 67, expires_ms: 338162, command: Reverse }, order: 118, received_ms: 338075 })
RX src=Wifi session=45608403140646 seq=68 cmd=Forward rx_ms=338175 expires_ms=338274 order=119 depth=1 status=Queued
OUT at_ms=338180 depth=0 event=Apply(Entry { input: Input { source: Wifi, session: 45608403140646, seq: 68, expires_ms: 338274, command: Forward }, order: 119, received_ms: 338175 })
RX src=Wifi session=45608403140646 seq=69 cmd=Reverse rx_ms=338278 expires_ms=338357 order=120 depth=1 status=Queued
OUT at_ms=338281 depth=0 event=Apply(Entry { input: Input { source: Wifi, session: 45608403140646, seq: 69, expires_ms: 338357, command: Reverse }, order: 120, received_ms: 338278 })
RX src=Wifi session=45608403140646 seq=70 cmd=Forward rx_ms=338334 expires_ms=338459 order=121 depth=1 status=Queued
OUT at_ms=338346 depth=0 event=Apply(Entry { input: Input { source: Wifi, session: 45608403140646, seq: 70, expires_ms: 338459, command: Forward }, order: 121, received_ms: 338334 })
RX src=Wifi session=45608403140646 seq=71 cmd=Reverse rx_ms=338394 expires_ms=338515 order=122 depth=1 status=Queued
OUT at_ms=338411 depth=0 event=Apply(Entry { input: Input { source: Wifi, session: 45608403140646, seq: 71, expires_ms: 338515, command: Reverse }, order: 122, received_ms: 338394 })
RX src=Wifi session=45608403140646 seq=72 cmd=Forward rx_ms=338482 expires_ms=338574 order=123 depth=1 status=Queued
OUT at_ms=338497 depth=0 event=Apply(Entry { input: Input { source: Wifi, session: 45608403140646, seq: 72, expires_ms: 338574, command: Forward }, order: 123, received_ms: 338482 })
RX src=Wifi session=45608403140646 seq=73 cmd=Reverse rx_ms=338584 expires_ms=338664 order=124 depth=1 status=Queued
OUT at_ms=338603 depth=0 event=Apply(Entry { input: Input { source: Wifi, session: 45608403140646, seq: 73, expires_ms: 338664, command: Reverse }, order: 124, received_ms: 338584 })
RX src=Wifi session=45608403140646 seq=74 cmd=Forward rx_ms=338689 expires_ms=338766 order=125 depth=1 status=Queued
OUT at_ms=338690 depth=0 event=Apply(Entry { input: Input { source: Wifi, session: 45608403140646, seq: 74, expires_ms: 338766, command: Forward }, order: 125, received_ms: 338689 })
RX src=Wifi session=45608403140646 seq=75 cmd=Reverse rx_ms=338804 expires_ms=338884 order=126 depth=1 status=Queued
OUT at_ms=338817 depth=0 event=Apply(Entry { input: Input { source: Wifi, session: 45608403140646, seq: 75, expires_ms: 338884, command: Reverse }, order: 126, received_ms: 338804 })
RX src=Wifi session=45608403140646 seq=76 cmd=Forward rx_ms=338894 expires_ms=338984 order=127 depth=1 status=Queued
OUT at_ms=338902 depth=0 event=Apply(Entry { input: Input { source: Wifi, session: 45608403140646, seq: 76, expires_ms: 338984, command: Forward }, order: 127, received_ms: 338894 })
RX src=Wifi session=45608403140646 seq=77 cmd=Reverse rx_ms=338994 expires_ms=339075 order=128 depth=1 status=Queued
OUT at_ms=339010 depth=0 event=Apply(Entry { input: Input { source: Wifi, session: 45608403140646, seq: 77, expires_ms: 339075, command: Reverse }, order: 128, received_ms: 338994 })
RX src=Wifi session=45608403140646 seq=78 cmd=Forward rx_ms=339099 expires_ms=339175 order=129 depth=1 status=Queued
OUT at_ms=339116 depth=0 event=Apply(Entry { input: Input { source: Wifi, session: 45608403140646, seq: 78, expires_ms: 339175, command: Forward }, order: 129, received_ms: 339099 })
RX src=Wifi session=45608403140646 seq=79 cmd=Reverse rx_ms=339155 expires_ms=339279 order=130 depth=1 status=Queued
OUT at_ms=339161 depth=0 event=Apply(Entry { input: Input { source: Wifi, session: 45608403140646, seq: 79, expires_ms: 339279, command: Reverse }, order: 130, received_ms: 339155 })
RX src=Wifi session=45608403140646 seq=80 cmd=Forward rx_ms=339217 expires_ms=339342 order=131 depth=1 status=Queued
OUT at_ms=339222 depth=0 event=Apply(Entry { input: Input { source: Wifi, session: 45608403140646, seq: 80, expires_ms: 339342, command: Forward }, order: 131, received_ms: 339217 })
RX src=Wifi session=45608403140646 seq=81 cmd=Reverse rx_ms=339301 expires_ms=339398 order=132 depth=1 status=Queued
OUT at_ms=339304 depth=0 event=Apply(Entry { input: Input { source: Wifi, session: 45608403140646, seq: 81, expires_ms: 339398, command: Reverse }, order: 132, received_ms: 339301 })
RX src=Wifi session=45608403140646 seq=82 cmd=Forward rx_ms=339403 expires_ms=339483 order=133 depth=1 status=Queued
OUT at_ms=339407 depth=0 event=Apply(Entry { input: Input { source: Wifi, session: 45608403140646, seq: 82, expires_ms: 339483, command: Forward }, order: 133, received_ms: 339403 })
RX src=Wifi session=45608403140646 seq=83 cmd=Reverse rx_ms=339509 expires_ms=339585 order=134 depth=1 status=Queued
OUT at_ms=339512 depth=0 event=Apply(Entry { input: Input { source: Wifi, session: 45608403140646, seq: 83, expires_ms: 339585, command: Reverse }, order: 134, received_ms: 339509 })
RX src=Wifi session=45608403140646 seq=84 cmd=Forward rx_ms=339565 expires_ms=339689 order=135 depth=1 status=Queued
OUT at_ms=339576 depth=0 event=Apply(Entry { input: Input { source: Wifi, session: 45608403140646, seq: 84, expires_ms: 339689, command: Forward }, order: 135, received_ms: 339565 })
RX src=Wifi session=45608403140646 seq=85 cmd=Reverse rx_ms=339623 expires_ms=339747 order=136 depth=1 status=Queued
OUT at_ms=339641 depth=0 event=Apply(Entry { input: Input { source: Wifi, session: 45608403140646, seq: 85, expires_ms: 339747, command: Reverse }, order: 136, received_ms: 339623 })
RX src=Wifi session=45608403140646 seq=86 cmd=Forward rx_ms=339713 expires_ms=339803 order=137 depth=1 status=Queued
OUT at_ms=339728 depth=0 event=Apply(Entry { input: Input { source: Wifi, session: 45608403140646, seq: 86, expires_ms: 339803, command: Forward }, order: 137, received_ms: 339713 })
RX src=Wifi session=45608403140646 seq=87 cmd=Reverse rx_ms=339814 expires_ms=339894 order=138 depth=1 status=Queued
OUT at_ms=339814 depth=0 event=Apply(Entry { input: Input { source: Wifi, session: 45608403140646, seq: 87, expires_ms: 339894, command: Reverse }, order: 138, received_ms: 339814 })
RX src=Wifi session=45608403140646 seq=88 cmd=Forward rx_ms=339916 expires_ms=340009 order=139 depth=1 status=Queued
OUT at_ms=339919 depth=0 event=Apply(Entry { input: Input { source: Wifi, session: 45608403140646, seq: 88, expires_ms: 340009, command: Forward }, order: 139, received_ms: 339916 })
RX src=Wifi session=45608403140646 seq=89 cmd=Reverse rx_ms=339973 expires_ms=340097 order=140 depth=1 status=Queued
OUT at_ms=339984 depth=0 event=Apply(Entry { input: Input { source: Wifi, session: 45608403140646, seq: 89, expires_ms: 340097, command: Reverse }, order: 140, received_ms: 339973 })
RX src=Wifi session=45608403140646 seq=90 cmd=Forward rx_ms=340032 expires_ms=340153 order=141 depth=1 status=Queued
OUT at_ms=340049 depth=0 event=Apply(Entry { input: Input { source: Wifi, session: 45608403140646, seq: 90, expires_ms: 340153, command: Forward }, order: 141, received_ms: 340032 })
RX src=Wifi session=45608403140646 seq=91 cmd=Reverse rx_ms=340126 expires_ms=340212 order=142 depth=1 status=Queued
OUT at_ms=340135 depth=0 event=Apply(Entry { input: Input { source: Wifi, session: 45608403140646, seq: 91, expires_ms: 340212, command: Reverse }, order: 142, received_ms: 340126 })
RX src=Wifi session=45608403140646 seq=92 cmd=Forward rx_ms=340223 expires_ms=340306 order=143 depth=1 status=Queued
OUT at_ms=340241 depth=0 event=Apply(Entry { input: Input { source: Wifi, session: 45608403140646, seq: 92, expires_ms: 340306, command: Forward }, order: 143, received_ms: 340223 })
RX src=Wifi session=45608403140646 seq=93 cmd=Reverse rx_ms=340328 expires_ms=340405 order=144 depth=1 status=Queued
OUT at_ms=340347 depth=0 event=Apply(Entry { input: Input { source: Wifi, session: 45608403140646, seq: 93, expires_ms: 340405, command: Reverse }, order: 144, received_ms: 340328 })
RX src=Wifi session=45608403140646 seq=94 cmd=Forward rx_ms=340385 expires_ms=340510 order=145 depth=1 status=Queued
OUT at_ms=340393 depth=0 event=Apply(Entry { input: Input { source: Wifi, session: 45608403140646, seq: 94, expires_ms: 340510, command: Forward }, order: 145, received_ms: 340385 })
RX src=Wifi session=45608403140646 seq=95 cmd=Reverse rx_ms=340442 expires_ms=340567 order=146 depth=1 status=Queued
OUT at_ms=340461 depth=0 event=Apply(Entry { input: Input { source: Wifi, session: 45608403140646, seq: 95, expires_ms: 340567, command: Reverse }, order: 146, received_ms: 340442 })
RX src=Wifi session=45608403140646 seq=96 cmd=Forward rx_ms=340533 expires_ms=340622 order=147 depth=1 status=Queued
OUT at_ms=340548 depth=0 event=Apply(Entry { input: Input { source: Wifi, session: 45608403140646, seq: 96, expires_ms: 340622, command: Forward }, order: 147, received_ms: 340533 })
RX src=Wifi session=45608403140646 seq=97 cmd=Reverse rx_ms=340632 expires_ms=340713 order=148 depth=1 status=Queued
OUT at_ms=340633 depth=0 event=Apply(Entry { input: Input { source: Wifi, session: 45608403140646, seq: 97, expires_ms: 340713, command: Reverse }, order: 148, received_ms: 340632 })
RX src=Wifi session=45608403140646 seq=98 cmd=Forward rx_ms=340737 expires_ms=340827 order=149 depth=1 status=Queued
OUT at_ms=340741 depth=0 event=Apply(Entry { input: Input { source: Wifi, session: 45608403140646, seq: 98, expires_ms: 340827, command: Forward }, order: 149, received_ms: 340737 })
RX src=Wifi session=45608403140646 seq=99 cmd=Reverse rx_ms=340793 expires_ms=340917 order=150 depth=1 status=Queued
OUT at_ms=340804 depth=0 event=Apply(Entry { input: Input { source: Wifi, session: 45608403140646, seq: 99, expires_ms: 340917, command: Reverse }, order: 150, received_ms: 340793 })
RX src=Wifi session=45608403140646 seq=100 cmd=Forward rx_ms=340852 expires_ms=340977 order=151 depth=1 status=Queued
OUT at_ms=340869 depth=0 event=Apply(Entry { input: Input { source: Wifi, session: 45608403140646, seq: 100, expires_ms: 340977, command: Forward }, order: 151, received_ms: 340852 })
RX src=Wifi session=45608403140646 seq=101 cmd=Reverse rx_ms=340940 expires_ms=341032 order=152 depth=1 status=Queued
OUT at_ms=340955 depth=0 event=Apply(Entry { input: Input { source: Wifi, session: 45608403140646, seq: 101, expires_ms: 341032, command: Reverse }, order: 152, received_ms: 340940 })
RX src=Wifi session=45608403140646 seq=102 cmd=Forward rx_ms=341042 expires_ms=341123 order=153 depth=1 status=Queued
OUT at_ms=341061 depth=0 event=Apply(Entry { input: Input { source: Wifi, session: 45608403140646, seq: 102, expires_ms: 341123, command: Forward }, order: 153, received_ms: 341042 })
RX src=Wifi session=45608403140646 seq=103 cmd=Reverse rx_ms=341147 expires_ms=341224 order=154 depth=1 status=Queued
OUT at_ms=341148 depth=0 event=Apply(Entry { input: Input { source: Wifi, session: 45608403140646, seq: 103, expires_ms: 341224, command: Reverse }, order: 154, received_ms: 341147 })
RX src=Wifi session=45608403140646 seq=104 cmd=Forward rx_ms=341261 expires_ms=341342 order=155 depth=1 status=Queued
OUT at_ms=341274 depth=0 event=Apply(Entry { input: Input { source: Wifi, session: 45608403140646, seq: 104, expires_ms: 341342, command: Forward }, order: 155, received_ms: 341261 })
RX src=Wifi session=45608403140646 seq=105 cmd=Reverse rx_ms=341352 expires_ms=341441 order=156 depth=1 status=Queued
OUT at_ms=341360 depth=0 event=Apply(Entry { input: Input { source: Wifi, session: 45608403140646, seq: 105, expires_ms: 341441, command: Reverse }, order: 156, received_ms: 341352 })
RX src=Wifi session=45608403140646 seq=106 cmd=Forward rx_ms=341452 expires_ms=341532 order=157 depth=1 status=Queued
OUT at_ms=341468 depth=0 event=Apply(Entry { input: Input { source: Wifi, session: 45608403140646, seq: 106, expires_ms: 341532, command: Forward }, order: 157, received_ms: 341452 })
RX src=Wifi session=45608403140646 seq=107 cmd=Reverse rx_ms=341554 expires_ms=341633 order=158 depth=1 status=Queued
OUT at_ms=341555 depth=0 event=Apply(Entry { input: Input { source: Wifi, session: 45608403140646, seq: 107, expires_ms: 341633, command: Reverse }, order: 158, received_ms: 341554 })
RX src=Wifi session=45608403140646 seq=108 cmd=Forward rx_ms=341673 expires_ms=341749 order=159 depth=1 status=Queued
OUT at_ms=341680 depth=0 event=Apply(Entry { input: Input { source: Wifi, session: 45608403140646, seq: 108, expires_ms: 341749, command: Forward }, order: 159, received_ms: 341673 })
RX src=Wifi session=45608403140646 seq=109 cmd=Reverse rx_ms=341761 expires_ms=341854 order=160 depth=1 status=Queued
OUT at_ms=341769 depth=0 event=Apply(Entry { input: Input { source: Wifi, session: 45608403140646, seq: 109, expires_ms: 341854, command: Reverse }, order: 160, received_ms: 341761 })
RX src=Wifi session=45608403140646 seq=110 cmd=Forward rx_ms=341861 expires_ms=341942 order=161 depth=1 status=Queued
OUT at_ms=341878 depth=0 event=Apply(Entry { input: Input { source: Wifi, session: 45608403140646, seq: 110, expires_ms: 341942, command: Forward }, order: 161, received_ms: 341861 })
RX src=Wifi session=45608403140646 seq=111 cmd=Reverse rx_ms=341966 expires_ms=342043 order=162 depth=1 status=Queued
OUT at_ms=341983 depth=0 event=Apply(Entry { input: Input { source: Wifi, session: 45608403140646, seq: 111, expires_ms: 342043, command: Reverse }, order: 162, received_ms: 341966 })
RX src=Wifi session=45608403140646 seq=112 cmd=Forward rx_ms=342022 expires_ms=342147 order=163 depth=1 status=Queued
OUT at_ms=342030 depth=0 event=Apply(Entry { input: Input { source: Wifi, session: 45608403140646, seq: 112, expires_ms: 342147, command: Forward }, order: 163, received_ms: 342022 })
RX src=Wifi session=45608403140646 seq=113 cmd=Reverse rx_ms=342080 expires_ms=342205 order=164 depth=1 status=Queued
OUT at_ms=342098 depth=0 event=Apply(Entry { input: Input { source: Wifi, session: 45608403140646, seq: 113, expires_ms: 342205, command: Reverse }, order: 164, received_ms: 342080 })
RX src=Wifi session=45608403140646 seq=114 cmd=Forward rx_ms=342171 expires_ms=342260 order=165 depth=1 status=Queued
OUT at_ms=342184 depth=0 event=Apply(Entry { input: Input { source: Wifi, session: 45608403140646, seq: 114, expires_ms: 342260, command: Forward }, order: 165, received_ms: 342171 })
RX src=Wifi session=45608403140646 seq=115 cmd=Reverse rx_ms=342271 expires_ms=342351 order=166 depth=1 status=Queued
OUT at_ms=342290 depth=0 event=Apply(Entry { input: Input { source: Wifi, session: 45608403140646, seq: 115, expires_ms: 342351, command: Reverse }, order: 166, received_ms: 342271 })
RX src=Wifi session=45608403140646 seq=116 cmd=Forward rx_ms=342376 expires_ms=342453 order=167 depth=1 status=Queued
OUT at_ms=342377 depth=0 event=Apply(Entry { input: Input { source: Wifi, session: 45608403140646, seq: 116, expires_ms: 342453, command: Forward }, order: 167, received_ms: 342376 })
RX src=Wifi session=45608403140646 seq=117 cmd=Reverse rx_ms=342492 expires_ms=342571 order=168 depth=1 status=Queued
OUT at_ms=342503 depth=0 event=Apply(Entry { input: Input { source: Wifi, session: 45608403140646, seq: 117, expires_ms: 342571, command: Reverse }, order: 168, received_ms: 342492 })
RX src=Wifi session=45608403140646 seq=118 cmd=Forward rx_ms=342581 expires_ms=342673 order=169 depth=1 status=Queued
OUT at_ms=342588 depth=0 event=Apply(Entry { input: Input { source: Wifi, session: 45608403140646, seq: 118, expires_ms: 342673, command: Forward }, order: 169, received_ms: 342581 })
RX src=Wifi session=45608403140646 seq=119 cmd=Reverse rx_ms=342680 expires_ms=342761 order=170 depth=1 status=Queued
OUT at_ms=342697 depth=0 event=Apply(Entry { input: Input { source: Wifi, session: 45608403140646, seq: 119, expires_ms: 342761, command: Reverse }, order: 170, received_ms: 342680 })
RX src=Wifi session=45608403140646 seq=120 cmd=Forward rx_ms=342786 expires_ms=342862 order=171 depth=1 status=Queued
OUT at_ms=342803 depth=0 event=Apply(Entry { input: Input { source: Wifi, session: 45608403140646, seq: 120, expires_ms: 342862, command: Forward }, order: 171, received_ms: 342786 })
RX src=Wifi session=45608403140646 seq=121 cmd=Reverse rx_ms=342843 expires_ms=342966 order=172 depth=1 status=Queued
OUT at_ms=342848 depth=0 event=Apply(Entry { input: Input { source: Wifi, session: 45608403140646, seq: 121, expires_ms: 342966, command: Reverse }, order: 172, received_ms: 342843 })
RX src=Wifi session=45608403140646 seq=122 cmd=Forward rx_ms=342900 expires_ms=343024 order=173 depth=1 status=Queued
OUT at_ms=342910 depth=0 event=Apply(Entry { input: Input { source: Wifi, session: 45608403140646, seq: 122, expires_ms: 343024, command: Forward }, order: 173, received_ms: 342900 })
RX src=Wifi session=45608403140646 seq=123 cmd=Reverse rx_ms=342990 expires_ms=343080 order=174 depth=1 status=Queued
OUT at_ms=342996 depth=0 event=Apply(Entry { input: Input { source: Wifi, session: 45608403140646, seq: 123, expires_ms: 343080, command: Reverse }, order: 174, received_ms: 342990 })
RX src=Wifi session=45608403140646 seq=124 cmd=Forward rx_ms=343092 expires_ms=343171 order=175 depth=1 status=Queued
OUT at_ms=343107 depth=0 event=Apply(Entry { input: Input { source: Wifi, session: 45608403140646, seq: 124, expires_ms: 343171, command: Forward }, order: 175, received_ms: 343092 })
RX src=Wifi session=45608403140646 seq=125 cmd=Reverse rx_ms=343195 expires_ms=343272 order=176 depth=1 status=Queued
OUT at_ms=343212 depth=0 event=Apply(Entry { input: Input { source: Wifi, session: 45608403140646, seq: 125, expires_ms: 343272, command: Reverse }, order: 176, received_ms: 343195 })
RX src=Wifi session=45608403140646 seq=126 cmd=Forward rx_ms=343251 expires_ms=343375 order=177 depth=1 status=Queued
OUT at_ms=343258 depth=0 event=Apply(Entry { input: Input { source: Wifi, session: 45608403140646, seq: 126, expires_ms: 343375, command: Forward }, order: 177, received_ms: 343251 })
RX src=Wifi session=45608403140646 seq=127 cmd=Reverse rx_ms=343309 expires_ms=343434 order=178 depth=1 status=Queued
OUT at_ms=343327 depth=0 event=Apply(Entry { input: Input { source: Wifi, session: 45608403140646, seq: 127, expires_ms: 343434, command: Reverse }, order: 178, received_ms: 343309 })
RX src=Wifi session=45608403140646 seq=128 cmd=Forward rx_ms=343400 expires_ms=343489 order=179 depth=1 status=Queued
OUT at_ms=343413 depth=0 event=Apply(Entry { input: Input { source: Wifi, session: 45608403140646, seq: 128, expires_ms: 343489, command: Forward }, order: 179, received_ms: 343400 })
RX src=Wifi session=45608403140646 seq=129 cmd=Reverse rx_ms=343500 expires_ms=343580 order=180 depth=1 status=Queued
OUT at_ms=343519 depth=0 event=Apply(Entry { input: Input { source: Wifi, session: 45608403140646, seq: 129, expires_ms: 343580, command: Reverse }, order: 180, received_ms: 343500 })
RX src=Wifi session=45608403140646 seq=130 cmd=Forward rx_ms=343604 expires_ms=343695 order=181 depth=1 status=Queued
OUT at_ms=343607 depth=0 event=Apply(Entry { input: Input { source: Wifi, session: 45608403140646, seq: 130, expires_ms: 343695, command: Forward }, order: 181, received_ms: 343604 })
RX src=Wifi session=45608403140646 seq=131 cmd=Reverse rx_ms=343660 expires_ms=343785 order=182 depth=1 status=Queued
OUT at_ms=343671 depth=0 event=Apply(Entry { input: Input { source: Wifi, session: 45608403140646, seq: 131, expires_ms: 343785, command: Reverse }, order: 182, received_ms: 343660 })
RX src=Wifi session=45608403140646 seq=132 cmd=Forward rx_ms=343719 expires_ms=343844 order=183 depth=1 status=Queued
OUT at_ms=343737 depth=0 event=Apply(Entry { input: Input { source: Wifi, session: 45608403140646, seq: 132, expires_ms: 343844, command: Forward }, order: 183, received_ms: 343719 })
RX src=Wifi session=45608403140646 seq=133 cmd=Reverse rx_ms=343809 expires_ms=343905 order=184 depth=1 status=Queued
OUT at_ms=343823 depth=0 event=Apply(Entry { input: Input { source: Wifi, session: 45608403140646, seq: 133, expires_ms: 343905, command: Reverse }, order: 184, received_ms: 343809 })
RX src=Wifi session=45608403140646 seq=134 cmd=Forward rx_ms=343910 expires_ms=343995 order=185 depth=1 status=Queued
OUT at_ms=343929 depth=0 event=Apply(Entry { input: Input { source: Wifi, session: 45608403140646, seq: 134, expires_ms: 343995, command: Forward }, order: 185, received_ms: 343910 })
RX src=Wifi session=45608403140646 seq=135 cmd=Reverse rx_ms=344014 expires_ms=344093 order=186 depth=1 status=Queued
OUT at_ms=344017 depth=0 event=Apply(Entry { input: Input { source: Wifi, session: 45608403140646, seq: 135, expires_ms: 344093, command: Reverse }, order: 186, received_ms: 344014 })
RX src=Wifi session=45608403140646 seq=136 cmd=Forward rx_ms=344129 expires_ms=344207 order=187 depth=1 status=Queued
OUT at_ms=344142 depth=0 event=Apply(Entry { input: Input { source: Wifi, session: 45608403140646, seq: 136, expires_ms: 344207, command: Forward }, order: 187, received_ms: 344129 })
RX src=Wifi session=45608403140646 seq=137 cmd=Reverse rx_ms=344220 expires_ms=344310 order=188 depth=1 status=Queued
OUT at_ms=344227 depth=0 event=Apply(Entry { input: Input { source: Wifi, session: 45608403140646, seq: 137, expires_ms: 344310, command: Reverse }, order: 188, received_ms: 344220 })
RX src=Wifi session=45608403140646 seq=138 cmd=Forward rx_ms=344319 expires_ms=344402 order=189 depth=1 status=Queued
OUT at_ms=344336 depth=0 event=Apply(Entry { input: Input { source: Wifi, session: 45608403140646, seq: 138, expires_ms: 344402, command: Forward }, order: 189, received_ms: 344319 })
RX src=Wifi session=45608403140646 seq=139 cmd=Reverse rx_ms=344425 expires_ms=344501 order=190 depth=1 status=Queued
OUT at_ms=344442 depth=0 event=Apply(Entry { input: Input { source: Wifi, session: 45608403140646, seq: 139, expires_ms: 344501, command: Reverse }, order: 190, received_ms: 344425 })
RX src=Wifi session=45608403140646 seq=140 cmd=Forward rx_ms=344480 expires_ms=344605 order=191 depth=1 status=Queued
OUT at_ms=344488 depth=0 event=Apply(Entry { input: Input { source: Wifi, session: 45608403140646, seq: 140, expires_ms: 344605, command: Forward }, order: 191, received_ms: 344480 })
RX src=Wifi session=45608403140646 seq=141 cmd=Reverse rx_ms=344538 expires_ms=344663 order=192 depth=1 status=Queued
OUT at_ms=344556 depth=0 event=Apply(Entry { input: Input { source: Wifi, session: 45608403140646, seq: 141, expires_ms: 344663, command: Reverse }, order: 192, received_ms: 344538 })
RX src=Wifi session=45608403140646 seq=142 cmd=Forward rx_ms=344634 expires_ms=344718 order=193 depth=1 status=Queued
OUT at_ms=344642 depth=0 event=Apply(Entry { input: Input { source: Wifi, session: 45608403140646, seq: 142, expires_ms: 344718, command: Forward }, order: 193, received_ms: 344634 })
RX src=Wifi session=45608403140646 seq=143 cmd=Reverse rx_ms=344729 expires_ms=344814 order=194 depth=1 status=Queued
OUT at_ms=344730 depth=0 event=Apply(Entry { input: Input { source: Wifi, session: 45608403140646, seq: 143, expires_ms: 344814, command: Reverse }, order: 194, received_ms: 344729 })
RX src=Wifi session=45608403140646 seq=144 cmd=Forward rx_ms=344834 expires_ms=344923 order=195 depth=1 status=Queued
OUT at_ms=344837 depth=0 event=Apply(Entry { input: Input { source: Wifi, session: 45608403140646, seq: 144, expires_ms: 344923, command: Forward }, order: 195, received_ms: 344834 })
RX src=Wifi session=45608403140646 seq=145 cmd=Reverse rx_ms=344890 expires_ms=345014 order=196 depth=1 status=Queued
OUT at_ms=344901 depth=0 event=Apply(Entry { input: Input { source: Wifi, session: 45608403140646, seq: 145, expires_ms: 345014, command: Reverse }, order: 196, received_ms: 344890 })
RX src=Wifi session=45608403140646 seq=146 cmd=Forward rx_ms=344948 expires_ms=345073 order=197 depth=1 status=Queued
OUT at_ms=344966 depth=0 event=Apply(Entry { input: Input { source: Wifi, session: 45608403140646, seq: 146, expires_ms: 345073, command: Forward }, order: 197, received_ms: 344948 })
RX src=Wifi session=45608403140646 seq=147 cmd=Reverse rx_ms=345038 expires_ms=345128 order=198 depth=1 status=Queued
OUT at_ms=345052 depth=0 event=Apply(Entry { input: Input { source: Wifi, session: 45608403140646, seq: 147, expires_ms: 345128, command: Reverse }, order: 198, received_ms: 345038 })
RX src=Wifi session=45608403140646 seq=148 cmd=Forward rx_ms=345138 expires_ms=345220 order=199 depth=1 status=Queued
OUT at_ms=345139 depth=0 event=Apply(Entry { input: Input { source: Wifi, session: 45608403140646, seq: 148, expires_ms: 345220, command: Forward }, order: 199, received_ms: 345138 })
RX src=Wifi session=45608403140646 seq=149 cmd=Reverse rx_ms=345242 expires_ms=345333 order=200 depth=1 status=Queued
OUT at_ms=345245 depth=0 event=Apply(Entry { input: Input { source: Wifi, session: 45608403140646, seq: 149, expires_ms: 345333, command: Reverse }, order: 200, received_ms: 345242 })
RX src=Wifi session=45608403140646 seq=150 cmd=Forward rx_ms=345299 expires_ms=345422 order=201 depth=1 status=Queued
OUT at_ms=345308 depth=0 event=Apply(Entry { input: Input { source: Wifi, session: 45608403140646, seq: 150, expires_ms: 345422, command: Forward }, order: 201, received_ms: 345299 })
RX src=Wifi session=45608403140646 seq=151 cmd=Reverse rx_ms=345358 expires_ms=345480 order=202 depth=1 status=Queued
OUT at_ms=345375 depth=0 event=Apply(Entry { input: Input { source: Wifi, session: 45608403140646, seq: 151, expires_ms: 345480, command: Reverse }, order: 202, received_ms: 345358 })
RX src=Wifi session=45608403140646 seq=152 cmd=Forward rx_ms=345448 expires_ms=345538 order=203 depth=1 status=Queued
OUT at_ms=345461 depth=0 event=Apply(Entry { input: Input { source: Wifi, session: 45608403140646, seq: 152, expires_ms: 345538, command: Forward }, order: 203, received_ms: 345448 })
RX src=Wifi session=45608403140646 seq=153 cmd=Reverse rx_ms=345548 expires_ms=345628 order=204 depth=1 status=Queued
OUT at_ms=345567 depth=0 event=Apply(Entry { input: Input { source: Wifi, session: 45608403140646, seq: 153, expires_ms: 345628, command: Reverse }, order: 204, received_ms: 345548 })
RX src=Wifi session=45608403140646 seq=154 cmd=Forward rx_ms=345653 expires_ms=345729 order=205 depth=1 status=Queued
OUT at_ms=345654 depth=0 event=Apply(Entry { input: Input { source: Wifi, session: 45608403140646, seq: 154, expires_ms: 345729, command: Forward }, order: 205, received_ms: 345653 })
RX src=Wifi session=45608403140646 seq=155 cmd=Reverse rx_ms=345767 expires_ms=345847 order=206 depth=1 status=Queued
OUT at_ms=345780 depth=0 event=Apply(Entry { input: Input { source: Wifi, session: 45608403140646, seq: 155, expires_ms: 345847, command: Reverse }, order: 206, received_ms: 345767 })
RX src=Wifi session=45608403140646 seq=156 cmd=Forward rx_ms=345855 expires_ms=345947 order=207 depth=1 status=Queued
OUT at_ms=345868 depth=0 event=Apply(Entry { input: Input { source: Wifi, session: 45608403140646, seq: 156, expires_ms: 345947, command: Forward }, order: 207, received_ms: 345855 })
RX src=Wifi session=45608403140646 seq=157 cmd=Reverse rx_ms=345957 expires_ms=346036 order=208 depth=1 status=Queued
OUT at_ms=345974 depth=0 event=Apply(Entry { input: Input { source: Wifi, session: 45608403140646, seq: 157, expires_ms: 346036, command: Reverse }, order: 208, received_ms: 345957 })
RX src=Wifi session=45608403140646 seq=158 cmd=Forward rx_ms=346062 expires_ms=346139 order=209 depth=1 status=Queued
OUT at_ms=346080 depth=0 event=Apply(Entry { input: Input { source: Wifi, session: 45608403140646, seq: 158, expires_ms: 346139, command: Forward }, order: 209, received_ms: 346062 })
RX src=Wifi session=45608403140646 seq=159 cmd=Reverse rx_ms=346122 expires_ms=346243 order=210 depth=1 status=Queued
OUT at_ms=346126 depth=0 event=Apply(Entry { input: Input { source: Wifi, session: 45608403140646, seq: 159, expires_ms: 346243, command: Reverse }, order: 210, received_ms: 346122 })
RX src=Wifi session=45608403140646 seq=160 cmd=Forward rx_ms=346177 expires_ms=346303 order=211 depth=1 status=Queued
OUT at_ms=346190 depth=0 event=Apply(Entry { input: Input { source: Wifi, session: 45608403140646, seq: 160, expires_ms: 346303, command: Forward }, order: 211, received_ms: 346177 })
RX src=Wifi session=45608403140646 seq=161 cmd=Reverse rx_ms=346265 expires_ms=346357 order=212 depth=1 status=Queued
OUT at_ms=346276 depth=0 event=Apply(Entry { input: Input { source: Wifi, session: 45608403140646, seq: 161, expires_ms: 346357, command: Reverse }, order: 212, received_ms: 346265 })
RX src=Wifi session=45608403140646 seq=162 cmd=Forward rx_ms=346367 expires_ms=346446 order=213 depth=1 status=Queued
OUT at_ms=346381 depth=0 event=Apply(Entry { input: Input { source: Wifi, session: 45608403140646, seq: 162, expires_ms: 346446, command: Forward }, order: 213, received_ms: 346367 })
RX src=Wifi session=45608403140646 seq=163 cmd=Reverse rx_ms=346472 expires_ms=346549 order=214 depth=1 status=Queued
OUT at_ms=346487 depth=0 event=Apply(Entry { input: Input { source: Wifi, session: 45608403140646, seq: 163, expires_ms: 346549, command: Reverse }, order: 214, received_ms: 346472 })
RX src=Wifi session=45608403140646 seq=164 cmd=Forward rx_ms=346529 expires_ms=346652 order=215 depth=1 status=Queued
OUT at_ms=346532 depth=0 event=Apply(Entry { input: Input { source: Wifi, session: 45608403140646, seq: 164, expires_ms: 346652, command: Forward }, order: 215, received_ms: 346529 })
RX src=Wifi session=45608403140646 seq=165 cmd=Reverse rx_ms=346588 expires_ms=346713 order=216 depth=1 status=Queued
OUT at_ms=346595 depth=0 event=Apply(Entry { input: Input { source: Wifi, session: 45608403140646, seq: 165, expires_ms: 346713, command: Reverse }, order: 216, received_ms: 346588 })
RX src=Wifi session=45608403140646 seq=166 cmd=Forward rx_ms=346675 expires_ms=346768 order=217 depth=1 status=Queued
OUT at_ms=346684 depth=0 event=Apply(Entry { input: Input { source: Wifi, session: 45608403140646, seq: 166, expires_ms: 346768, command: Forward }, order: 217, received_ms: 346675 })
RX src=Wifi session=45608403140646 seq=167 cmd=Reverse rx_ms=346777 expires_ms=346856 order=218 depth=1 status=Queued
OUT at_ms=346791 depth=0 event=Apply(Entry { input: Input { source: Wifi, session: 45608403140646, seq: 167, expires_ms: 346856, command: Reverse }, order: 218, received_ms: 346777 })
RX src=Wifi session=45608403140646 seq=168 cmd=Forward rx_ms=346881 expires_ms=346958 order=219 depth=1 status=Queued
OUT at_ms=346897 depth=0 event=Apply(Entry { input: Input { source: Wifi, session: 45608403140646, seq: 168, expires_ms: 346958, command: Forward }, order: 219, received_ms: 346881 })
RX src=Wifi session=45608403140646 seq=169 cmd=Reverse rx_ms=346938 expires_ms=347062 order=220 depth=1 status=Queued
OUT at_ms=346942 depth=0 event=Apply(Entry { input: Input { source: Wifi, session: 45608403140646, seq: 169, expires_ms: 347062, command: Reverse }, order: 220, received_ms: 346938 })
RX src=Wifi session=45608403140646 seq=170 cmd=Forward rx_ms=346996 expires_ms=347119 order=221 depth=1 status=Queued
OUT at_ms=347004 depth=0 event=Apply(Entry { input: Input { source: Wifi, session: 45608403140646, seq: 170, expires_ms: 347119, command: Forward }, order: 221, received_ms: 346996 })
RX src=Wifi session=45608403140646 seq=171 cmd=Reverse rx_ms=347086 expires_ms=347176 order=222 depth=1 status=Queued
OUT at_ms=347091 depth=0 event=Apply(Entry { input: Input { source: Wifi, session: 45608403140646, seq: 171, expires_ms: 347176, command: Reverse }, order: 222, received_ms: 347086 })
RX src=Wifi session=45608403140646 seq=172 cmd=Forward rx_ms=347186 expires_ms=347267 order=223 depth=1 status=Queued
OUT at_ms=347192 depth=0 event=Apply(Entry { input: Input { source: Wifi, session: 45608403140646, seq: 172, expires_ms: 347267, command: Forward }, order: 223, received_ms: 347186 })
RX src=Wifi session=45608403140646 seq=173 cmd=Reverse rx_ms=347291 expires_ms=347368 order=224 depth=1 status=Queued
OUT at_ms=347292 depth=0 event=Apply(Entry { input: Input { source: Wifi, session: 45608403140646, seq: 173, expires_ms: 347368, command: Reverse }, order: 224, received_ms: 347291 })
RX src=Wifi session=45608403140646 seq=174 cmd=Forward rx_ms=347406 expires_ms=347486 order=225 depth=1 status=Queued
OUT at_ms=347419 depth=0 event=Apply(Entry { input: Input { source: Wifi, session: 45608403140646, seq: 174, expires_ms: 347486, command: Forward }, order: 225, received_ms: 347406 })
RX src=Wifi session=45608403140646 seq=175 cmd=Reverse rx_ms=347504 expires_ms=347586 order=226 depth=1 status=Queued
OUT at_ms=347507 depth=0 event=Apply(Entry { input: Input { source: Wifi, session: 45608403140646, seq: 175, expires_ms: 347586, command: Reverse }, order: 226, received_ms: 347504 })
RX src=Wifi session=45608403140646 seq=176 cmd=Forward rx_ms=347598 expires_ms=347684 order=227 depth=1 status=Queued
OUT at_ms=347611 depth=0 event=Apply(Entry { input: Input { source: Wifi, session: 45608403140646, seq: 176, expires_ms: 347684, command: Forward }, order: 227, received_ms: 347598 })
RX src=Wifi session=45608403140646 seq=177 cmd=Reverse rx_ms=347701 expires_ms=347778 order=228 depth=1 status=Queued
OUT at_ms=347717 depth=0 event=Apply(Entry { input: Input { source: Wifi, session: 45608403140646, seq: 177, expires_ms: 347778, command: Reverse }, order: 228, received_ms: 347701 })
RX src=Wifi session=45608403140646 seq=178 cmd=Forward rx_ms=347757 expires_ms=347881 order=229 depth=1 status=Queued
OUT at_ms=347763 depth=0 event=Apply(Entry { input: Input { source: Wifi, session: 45608403140646, seq: 178, expires_ms: 347881, command: Forward }, order: 229, received_ms: 347757 })
RX src=Wifi session=45608403140646 seq=179 cmd=Reverse rx_ms=347815 expires_ms=347940 order=230 depth=1 status=Queued
OUT at_ms=347823 depth=0 event=Apply(Entry { input: Input { source: Wifi, session: 45608403140646, seq: 179, expires_ms: 347940, command: Reverse }, order: 230, received_ms: 347815 })
RX src=Wifi session=45608403140646 seq=180 cmd=Forward rx_ms=347905 expires_ms=347995 order=231 depth=1 status=Queued
OUT at_ms=347911 depth=0 event=Apply(Entry { input: Input { source: Wifi, session: 45608403140646, seq: 180, expires_ms: 347995, command: Forward }, order: 231, received_ms: 347905 })
RX src=Wifi session=45608403140646 seq=181 cmd=Reverse rx_ms=348005 expires_ms=348086 order=232 depth=1 status=Queued
OUT at_ms=348012 depth=0 event=Apply(Entry { input: Input { source: Wifi, session: 45608403140646, seq: 181, expires_ms: 348086, command: Reverse }, order: 232, received_ms: 348005 })
RX src=Wifi session=45608403140646 seq=182 cmd=Forward rx_ms=348110 expires_ms=348187 order=233 depth=1 status=Queued
OUT at_ms=348124 depth=0 event=Apply(Entry { input: Input { source: Wifi, session: 45608403140646, seq: 182, expires_ms: 348187, command: Forward }, order: 233, received_ms: 348110 })
RX src=Wifi session=45608403140646 seq=183 cmd=Reverse rx_ms=348166 expires_ms=348290 order=234 depth=1 status=Queued
OUT at_ms=348169 depth=0 event=Apply(Entry { input: Input { source: Wifi, session: 45608403140646, seq: 183, expires_ms: 348290, command: Reverse }, order: 234, received_ms: 348166 })
RX src=Wifi session=45608403140646 seq=184 cmd=Forward rx_ms=348225 expires_ms=348349 order=235 depth=1 status=Queued
OUT at_ms=348232 depth=0 event=Apply(Entry { input: Input { source: Wifi, session: 45608403140646, seq: 184, expires_ms: 348349, command: Forward }, order: 235, received_ms: 348225 })
RX src=Wifi session=45608403140646 seq=185 cmd=Reverse rx_ms=348315 expires_ms=348405 order=236 depth=1 status=Queued
OUT at_ms=348320 depth=0 event=Apply(Entry { input: Input { source: Wifi, session: 45608403140646, seq: 185, expires_ms: 348405, command: Reverse }, order: 236, received_ms: 348315 })
RX src=Wifi session=45608403140646 seq=186 cmd=Forward rx_ms=348415 expires_ms=348496 order=237 depth=1 status=Queued
OUT at_ms=348421 depth=0 event=Apply(Entry { input: Input { source: Wifi, session: 45608403140646, seq: 186, expires_ms: 348496, command: Forward }, order: 237, received_ms: 348415 })
RX src=Wifi session=45608403140646 seq=187 cmd=Reverse rx_ms=348518 expires_ms=348597 order=238 depth=1 status=Queued
OUT at_ms=348521 depth=0 event=Apply(Entry { input: Input { source: Wifi, session: 45608403140646, seq: 187, expires_ms: 348597, command: Reverse }, order: 238, received_ms: 348518 })
RX src=Wifi session=45608403140646 seq=188 cmd=Forward rx_ms=348575 expires_ms=348699 order=239 depth=1 status=Queued
OUT at_ms=348586 depth=0 event=Apply(Entry { input: Input { source: Wifi, session: 45608403140646, seq: 188, expires_ms: 348699, command: Forward }, order: 239, received_ms: 348575 })
RX src=Wifi session=45608403140646 seq=189 cmd=Reverse rx_ms=348634 expires_ms=348755 order=240 depth=1 status=Queued
OUT at_ms=348652 depth=0 event=Apply(Entry { input: Input { source: Wifi, session: 45608403140646, seq: 189, expires_ms: 348755, command: Reverse }, order: 240, received_ms: 348634 })
RX src=Wifi session=45608403140646 seq=190 cmd=Forward rx_ms=348725 expires_ms=348815 order=241 depth=1 status=Queued
OUT at_ms=348738 depth=0 event=Apply(Entry { input: Input { source: Wifi, session: 45608403140646, seq: 190, expires_ms: 348815, command: Forward }, order: 241, received_ms: 348725 })
RX src=Wifi session=45608403140646 seq=191 cmd=Reverse rx_ms=348825 expires_ms=348905 order=242 depth=1 status=Queued
OUT at_ms=348844 depth=0 event=Apply(Entry { input: Input { source: Wifi, session: 45608403140646, seq: 191, expires_ms: 348905, command: Reverse }, order: 242, received_ms: 348825 })
RX src=Wifi session=45608403140646 seq=192 cmd=Forward rx_ms=348930 expires_ms=349006 order=243 depth=1 status=Queued
OUT at_ms=348930 depth=0 event=Apply(Entry { input: Input { source: Wifi, session: 45608403140646, seq: 192, expires_ms: 349006, command: Forward }, order: 243, received_ms: 348930 })
RX src=Wifi session=45608403140646 seq=193 cmd=Reverse rx_ms=349044 expires_ms=349125 order=244 depth=1 status=Queued
OUT at_ms=349057 depth=0 event=Apply(Entry { input: Input { source: Wifi, session: 45608403140646, seq: 193, expires_ms: 349125, command: Reverse }, order: 244, received_ms: 349044 })
RX src=Wifi session=45608403140646 seq=194 cmd=Forward rx_ms=349132 expires_ms=349225 order=245 depth=1 status=Queued
OUT at_ms=349143 depth=0 event=Apply(Entry { input: Input { source: Wifi, session: 45608403140646, seq: 194, expires_ms: 349225, command: Forward }, order: 245, received_ms: 349132 })
RX src=Wifi session=45608403140646 seq=195 cmd=Reverse rx_ms=349235 expires_ms=349314 order=246 depth=1 status=Queued
OUT at_ms=349249 depth=0 event=Apply(Entry { input: Input { source: Wifi, session: 45608403140646, seq: 195, expires_ms: 349314, command: Reverse }, order: 246, received_ms: 349235 })
RX src=Wifi session=45608403140646 seq=196 cmd=Forward rx_ms=349339 expires_ms=349416 order=247 depth=1 status=Queued
OUT at_ms=349355 depth=0 event=Apply(Entry { input: Input { source: Wifi, session: 45608403140646, seq: 196, expires_ms: 349416, command: Forward }, order: 247, received_ms: 349339 })
RX src=Wifi session=45608403140646 seq=197 cmd=Reverse rx_ms=349397 expires_ms=349519 order=248 depth=1 status=Queued
OUT at_ms=349401 depth=0 event=Apply(Entry { input: Input { source: Wifi, session: 45608403140646, seq: 197, expires_ms: 349519, command: Reverse }, order: 248, received_ms: 349397 })
RX src=Wifi session=45608403140646 seq=198 cmd=Forward rx_ms=349453 expires_ms=349578 order=249 depth=1 status=Queued
OUT at_ms=349464 depth=0 event=Apply(Entry { input: Input { source: Wifi, session: 45608403140646, seq: 198, expires_ms: 349578, command: Forward }, order: 249, received_ms: 349453 })
RX src=Wifi session=45608403140646 seq=199 cmd=Reverse rx_ms=349544 expires_ms=349634 order=250 depth=1 status=Queued
OUT at_ms=349551 depth=0 event=Apply(Entry { input: Input { source: Wifi, session: 45608403140646, seq: 199, expires_ms: 349634, command: Reverse }, order: 250, received_ms: 349544 })
RX src=Wifi session=45608403140646 seq=200 cmd=Forward rx_ms=349644 expires_ms=349724 order=251 depth=1 status=Queued
OUT at_ms=349660 depth=0 event=Apply(Entry { input: Input { source: Wifi, session: 45608403140646, seq: 200, expires_ms: 349724, command: Forward }, order: 251, received_ms: 349644 })
RX src=Wifi session=45608403140646 seq=201 cmd=Reverse rx_ms=349749 expires_ms=349826 order=252 depth=1 status=Queued
OUT at_ms=349766 depth=0 event=Apply(Entry { input: Input { source: Wifi, session: 45608403140646, seq: 201, expires_ms: 349826, command: Reverse }, order: 252, received_ms: 349749 })
DISCONNECT src=Wifi session=45608403140646 at_ms=349805
OUT at_ms=349811 depth=0 event=Safety { reason: Disconnect(Wifi), at_ms: 349805, purged: 0, entry: None }
