CONNECT src=Ble session=110591898288132 at_ms=40919
RX src=Ble session=110591898288132 seq=1 cmd=Forward rx_ms=41410 expires_ms=46410 order=17 depth=1 status=Queued
RX src=Ble session=110591898288132 seq=2 cmd=Forward rx_ms=41500 expires_ms=46500 order=18 depth=2 status=Queued
RX src=Ble session=110591898288132 seq=3 cmd=Forward rx_ms=41590 expires_ms=46590 order=19 depth=3 status=Queued
RX src=Ble session=110591898288132 seq=4 cmd=Forward rx_ms=41681 expires_ms=46681 order=20 depth=4 status=Queued
RX src=Ble session=110591898288132 seq=5 cmd=Forward rx_ms=41770 expires_ms=46770 order=21 depth=5 status=Queued
RX src=Ble session=110591898288132 seq=6 cmd=Forward rx_ms=41860 expires_ms=46860 order=22 depth=6 status=Queued
RX src=Ble session=110591898288132 seq=7 cmd=Forward rx_ms=41950 expires_ms=46950 order=23 depth=7 status=Queued
RX src=Ble session=110591898288132 seq=8 cmd=Forward rx_ms=42041 expires_ms=47040 order=24 depth=8 status=Queued
INVALID src=Ble at_ms=42130
INVALID src=Ble at_ms=42220
INVALID src=Ble at_ms=42310
INVALID src=Ble at_ms=42445
INVALID src=Ble at_ms=42535
INVALID src=Ble at_ms=42625
INVALID src=Ble at_ms=42715
INVALID src=Ble at_ms=42805
INVALID src=Ble at_ms=42895
INVALID src=Ble at_ms=42985
OUT at_ms=43050 depth=0 event=Safety { reason: Timeout(Ble), at_ms: 43050, purged: 8, entry: None }
DISCONNECT src=Ble session=110591898288132 at_ms=43057
BLE advertising at_ms=43057
