CONNECT src=Wifi session=170192753655809 at_ms=7577
RX src=Wifi session=170192753655809 seq=1 cmd=Ping rx_ms=7585 expires_ms=10077 order=1 depth=0 status=Ping
RX src=Wifi session=170192753655809 seq=2 cmd=Forward rx_ms=7594 expires_ms=10095 order=2 depth=1 status=Queued
RX src=Wifi session=170192753655809 seq=3 cmd=Forward rx_ms=7596 expires_ms=10095 order=3 depth=2 status=Queued
RX src=Wifi session=170192753655809 seq=4 cmd=Forward rx_ms=7605 expires_ms=10095 order=4 depth=3 status=Queued
RX src=Wifi session=170192753655809 seq=5 cmd=Forward rx_ms=7615 expires_ms=10095 order=5 depth=4 status=Queued
RX src=Wifi session=170192753655809 seq=6 cmd=Forward rx_ms=7623 expires_ms=10095 order=6 depth=5 status=Queued
RX src=Wifi session=170192753655809 seq=7 cmd=Forward rx_ms=7633 expires_ms=10095 order=7 depth=6 status=Queued
RX src=Wifi session=170192753655809 seq=8 cmd=Forward rx_ms=7643 expires_ms=10095 order=8 depth=7 status=Queued
RX src=Wifi session=170192753655809 seq=9 cmd=Forward rx_ms=7652 expires_ms=10095 order=9 depth=8 status=Queued
RX src=Wifi session=170192753655809 seq=10 cmd=Forward rx_ms=7663 expires_ms=10095 order=0 depth=8 status=Full
RX src=Wifi session=170192753655809 seq=11 cmd=Forward rx_ms=7673 expires_ms=10095 order=0 depth=8 status=Full
RX src=Wifi session=170192753655809 seq=12 cmd=Forward rx_ms=7682 expires_ms=10095 order=0 depth=8 status=Full
RX src=Wifi session=170192753655809 seq=13 cmd=Forward rx_ms=7692 expires_ms=10095 order=0 depth=8 status=Full
RX src=Wifi session=170192753655809 seq=14 cmd=Forward rx_ms=7702 expires_ms=10095 order=0 depth=8 status=Full
RX src=Wifi session=170192753655809 seq=15 cmd=Forward rx_ms=7711 expires_ms=10095 order=0 depth=8 status=Full
RX src=Wifi session=170192753655809 seq=16 cmd=Forward rx_ms=7720 expires_ms=10095 order=0 depth=8 status=Full
RX src=Wifi session=170192753655809 seq=17 cmd=Forward rx_ms=7730 expires_ms=10095 order=0 depth=8 status=Full
RX src=Wifi session=170192753655809 seq=18 cmd=Forward rx_ms=7739 expires_ms=10095 order=0 depth=8 status=Full
RX src=Wifi session=170192753655809 seq=19 cmd=Forward rx_ms=7749 expires_ms=10095 order=0 depth=8 status=Full
RX src=Wifi session=170192753655809 seq=20 cmd=Forward rx_ms=7759 expires_ms=10095 order=0 depth=8 status=Full
RX src=Wifi session=170192753655809 seq=21 cmd=Forward rx_ms=7770 expires_ms=10095 order=0 depth=8 status=Full
RX src=Wifi session=170192753655809 seq=22 cmd=Forward rx_ms=7780 expires_ms=10095 order=0 depth=8 status=Full
RX src=Wifi session=170192753655809 seq=23 cmd=Forward rx_ms=7790 expires_ms=10095 order=0 depth=8 status=Full
RX src=Wifi session=170192753655809 seq=24 cmd=Forward rx_ms=7799 expires_ms=10095 order=0 depth=8 status=Full
RX src=Wifi session=170192753655809 seq=25 cmd=Forward rx_ms=7809 expires_ms=10095 order=0 depth=8 status=Full
RX src=Wifi session=170192753655809 seq=26 cmd=Forward rx_ms=7818 expires_ms=10095 order=0 depth=8 status=Full
RX src=Wifi session=170192753655809 seq=27 cmd=Forward rx_ms=7826 expires_ms=10095 order=0 depth=8 status=Full
RX src=Wifi session=170192753655809 seq=28 cmd=Forward rx_ms=7835 expires_ms=10095 order=0 depth=8 status=Full
RX src=Wifi session=170192753655809 seq=29 cmd=Forward rx_ms=7845 expires_ms=10095 order=0 depth=8 status=Full
RX src=Wifi session=170192753655809 seq=30 cmd=Forward rx_ms=7855 expires_ms=10095 order=0 depth=8 status=Full
RX src=Wifi session=170192753655809 seq=31 cmd=Forward rx_ms=7864 expires_ms=10095 order=0 depth=8 status=Full
RX src=Wifi session=170192753655809 seq=32 cmd=Forward rx_ms=7875 expires_ms=10095 order=0 depth=8 status=Full
RX src=Wifi session=170192753655809 seq=33 cmd=Forward rx_ms=7886 expires_ms=10095 order=0 depth=8 status=Full
RX src=Wifi session=170192753655809 seq=34 cmd=Forward rx_ms=7894 expires_ms=10095 order=0 depth=8 status=Full
RX src=Wifi session=170192753655809 seq=35 cmd=Forward rx_ms=7903 expires_ms=10095 order=0 depth=8 status=Full
RX src=Wifi session=170192753655809 seq=36 cmd=Forward rx_ms=7913 expires_ms=10095 order=0 depth=8 status=Full
RX src=Wifi session=170192753655809 seq=37 cmd=Forward rx_ms=7922 expires_ms=10095 order=0 depth=8 status=Full
RX src=Wifi session=170192753655809 seq=38 cmd=Forward rx_ms=7932 expires_ms=10095 order=0 depth=8 status=Full
RX src=Wifi session=170192753655809 seq=39 cmd=Forward rx_ms=7941 expires_ms=10095 order=0 depth=8 status=Full
RX src=Wifi session=170192753655809 seq=40 cmd=Forward rx_ms=7951 expires_ms=10095 order=0 depth=8 status=Full
RX src=Wifi session=170192753655809 seq=41 cmd=Forward rx_ms=7961 expires_ms=10095 order=0 depth=8 status=Full
RX src=Wifi session=170192753655809 seq=42 cmd=Forward rx_ms=7972 expires_ms=10095 order=0 depth=8 status=Full
RX src=Wifi session=170192753655809 seq=43 cmd=Forward rx_ms=7982 expires_ms=10095 order=0 depth=8 status=Full
RX src=Wifi session=170192753655809 seq=44 cmd=Forward rx_ms=7992 expires_ms=10095 order=0 depth=8 status=Full
RX src=Wifi session=170192753655809 seq=45 cmd=Forward rx_ms=8002 expires_ms=10095 order=0 depth=8 status=Full
RX src=Wifi session=170192753655809 seq=46 cmd=Forward rx_ms=8011 expires_ms=10095 order=0 depth=8 status=Full
RX src=Wifi session=170192753655809 seq=47 cmd=Forward rx_ms=8020 expires_ms=10095 order=0 depth=8 status=Full
RX src=Wifi session=170192753655809 seq=48 cmd=Forward rx_ms=8028 expires_ms=10095 order=0 depth=8 status=Full
RX src=Wifi session=170192753655809 seq=49 cmd=Forward rx_ms=8038 expires_ms=10095 order=0 depth=8 status=Full
RX src=Wifi session=170192753655809 seq=50 cmd=Forward rx_ms=8047 expires_ms=10095 order=0 depth=8 status=Full
RX src=Wifi session=170192753655809 seq=51 cmd=Forward rx_ms=8057 expires_ms=10095 order=0 depth=8 status=Full
RX src=Wifi session=170192753655809 seq=52 cmd=Forward rx_ms=8067 expires_ms=10095 order=0 depth=8 status=Full
RX src=Wifi session=170192753655809 seq=53 cmd=Forward rx_ms=8077 expires_ms=10095 order=0 depth=8 status=Full
RX src=Wifi session=170192753655809 seq=54 cmd=Forward rx_ms=8090 expires_ms=10095 order=0 depth=8 status=Full
RX src=Wifi session=170192753655809 seq=55 cmd=Forward rx_ms=8099 expires_ms=10095 order=0 depth=8 status=Full
RX src=Wifi session=170192753655809 seq=56 cmd=Forward rx_ms=8107 expires_ms=10095 order=0 depth=8 status=Full
RX src=Wifi session=170192753655809 seq=57 cmd=Forward rx_ms=8117 expires_ms=10095 order=0 depth=8 status=Full
RX src=Wifi session=170192753655809 seq=58 cmd=Forward rx_ms=8125 expires_ms=10095 order=0 depth=8 status=Full
RX src=Wifi session=170192753655809 seq=59 cmd=Forward rx_ms=8134 expires_ms=10095 order=0 depth=8 status=Full
RX src=Wifi session=170192753655809 seq=60 cmd=Forward rx_ms=8144 expires_ms=10095 order=0 depth=8 status=Full
RX src=Wifi session=170192753655809 seq=61 cmd=Forward rx_ms=8153 expires_ms=10095 order=0 depth=8 status=Full
RX src=Wifi session=170192753655809 seq=62 cmd=Forward rx_ms=8163 expires_ms=10095 order=0 depth=8 status=Full
RX src=Wifi session=170192753655809 seq=63 cmd=Forward rx_ms=8173 expires_ms=10095 order=0 depth=8 status=Full
RX src=Wifi session=170192753655809 seq=64 cmd=Forward rx_ms=8184 expires_ms=10095 order=0 depth=8 status=Full
RX src=Wifi session=170192753655809 seq=65 cmd=Forward rx_ms=8194 expires_ms=10095 order=0 depth=8 status=Full
RX src=Wifi session=170192753655809 seq=66 cmd=Forward rx_ms=8205 expires_ms=10095 order=0 depth=8 status=Full
RX src=Wifi session=170192753655809 seq=67 cmd=Forward rx_ms=8213 expires_ms=10095 order=0 depth=8 status=Full
RX src=Wifi session=170192753655809 seq=68 cmd=Forward rx_ms=8223 expires_ms=10095 order=0 depth=8 status=Full
RX src=Wifi session=170192753655809 seq=69 cmd=Forward rx_ms=8232 expires_ms=10095 order=0 depth=8 status=Full
RX src=Wifi session=170192753655809 seq=70 cmd=Forward rx_ms=8241 expires_ms=10095 order=0 depth=8 status=Full
RX src=Wifi session=170192753655809 seq=71 cmd=Forward rx_ms=8250 expires_ms=10095 order=0 depth=8 status=Full
RX src=Wifi session=170192753655809 seq=72 cmd=Forward rx_ms=8260 expires_ms=10095 order=0 depth=8 status=Full
RX src=Wifi session=170192753655809 seq=73 cmd=Forward rx_ms=8269 expires_ms=10095 order=0 depth=8 status=Full
RX src=Wifi session=170192753655809 seq=74 cmd=Forward rx_ms=8279 expires_ms=10095 order=0 depth=8 status=Full
RX src=Wifi session=170192753655809 seq=75 cmd=Forward rx_ms=8291 expires_ms=10095 order=0 depth=8 status=Full
RX src=Wifi session=170192753655809 seq=76 cmd=Forward rx_ms=8301 expires_ms=10095 order=0 depth=8 status=Full
RX src=Wifi session=170192753655809 seq=77 cmd=Forward rx_ms=8310 expires_ms=10095 order=0 depth=8 status=Full
RX src=Wifi session=170192753655809 seq=78 cmd=Forward rx_ms=8319 expires_ms=10095 order=0 depth=8 status=Full
RX src=Wifi session=170192753655809 seq=79 cmd=Forward rx_ms=8329 expires_ms=10095 order=0 depth=8 status=Full
RX src=Wifi session=170192753655809 seq=80 cmd=Forward rx_ms=8336 expires_ms=10095 order=0 depth=8 status=Full
RX src=Wifi session=170192753655809 seq=81 cmd=Forward rx_ms=8346 expires_ms=10095 order=0 depth=8 status=Full
RX src=Wifi session=170192753655809 seq=82 cmd=Forward rx_ms=8356 expires_ms=10095 order=0 depth=8 status=Full
RX src=Wifi session=170192753655809 seq=83 cmd=Forward rx_ms=8365 expires_ms=10095 order=0 depth=8 status=Full
RX src=Wifi session=170192753655809 seq=84 cmd=Forward rx_ms=8375 expires_ms=10095 order=0 depth=8 status=Full
RX src=Wifi session=170192753655809 seq=85 cmd=Forward rx_ms=8387 expires_ms=10095 order=0 depth=8 status=Full
RX src=Wifi session=170192753655809 seq=86 cmd=Forward rx_ms=8396 expires_ms=10095 order=0 depth=8 status=Full
RX src=Wifi session=170192753655809 seq=87 cmd=Forward rx_ms=8407 expires_ms=10095 order=0 depth=8 status=Full
RX src=Wifi session=170192753655809 seq=88 cmd=Forward rx_ms=8416 expires_ms=10095 order=0 depth=8 status=Full
RX src=Wifi session=170192753655809 seq=89 cmd=Forward rx_ms=8426 expires_ms=10095 order=0 depth=8 status=Full
RX src=Wifi session=170192753655809 seq=90 cmd=Forward rx_ms=8433 expires_ms=10095 order=0 depth=8 status=Full
RX src=Wifi session=170192753655809 seq=91 cmd=Forward rx_ms=8442 expires_ms=10095 order=0 depth=8 status=Full
RX src=Wifi session=170192753655809 seq=92 cmd=Forward rx_ms=8452 expires_ms=10095 order=0 depth=8 status=Full
RX src=Wifi session=170192753655809 seq=93 cmd=Forward rx_ms=8462 expires_ms=10095 order=0 depth=8 status=Full
RX src=Wifi session=170192753655809 seq=94 cmd=Forward rx_ms=8471 expires_ms=10095 order=0 depth=8 status=Full
RX src=Wifi session=170192753655809 seq=95 cmd=Forward rx_ms=8483 expires_ms=10095 order=0 depth=8 status=Full
RX src=Wifi session=170192753655809 seq=96 cmd=Forward rx_ms=8493 expires_ms=10095 order=0 depth=8 status=Full
RX src=Wifi session=170192753655809 seq=97 cmd=Forward rx_ms=8503 expires_ms=10095 order=0 depth=8 status=Full
RX src=Wifi session=170192753655809 seq=98 cmd=Forward rx_ms=8512 expires_ms=10095 order=0 depth=8 status=Full
RX src=Wifi session=170192753655809 seq=99 cmd=Forward rx_ms=8522 expires_ms=10095 order=0 depth=8 status=Full
RX src=Wifi session=170192753655809 seq=100 cmd=Forward rx_ms=8531 expires_ms=10095 order=0 depth=8 status=Full
RX src=Wifi session=170192753655809 seq=101 cmd=Forward rx_ms=8539 expires_ms=10095 order=0 depth=8 status=Full
RX src=Wifi session=170192753655809 seq=102 cmd=Stop rx_ms=8593 expires_ms=11093 order=10 depth=0 status=Stop
DISCONNECT src=Wifi session=170192753655809 at_ms=8598
OUT at_ms=8599 depth=0 event=Safety { reason: Stop, at_ms: 8593, purged: 8, entry: Some(Entry { input: Input { source: Wifi, session: 170192753655809, seq: 102, expires_ms: 11093, command: Stop }, order: 10, received_ms: 8593 }) }
