CONNECT src=Wifi session=45608403140647 at_ms=356346
RX src=Wifi session=45608403140647 seq=1 cmd=Ping rx_ms=356351 expires_ms=356472 order=253 depth=0 status=Ping
RX src=Wifi session=45608403140647 seq=2 cmd=Forward rx_ms=356402 expires_ms=356480 order=254 depth=1 status=Queued
OUT at_ms=356409 depth=0 event=Apply(Entry { input: Input { source: Wifi, session: 45608403140647, seq: 2, expires_ms: 356480, command: Forward }, order: 254, received_ms: 356402 })
RX src=Wifi session=45608403140647 seq=3 cmd=Reverse rx_ms=356507 expires_ms=356583 order=255 depth=1 status=Queued
OUT at_ms=356518 depth=0 event=Apply(Entry { input: Input { source: Wifi, session: 45608403140647, seq: 3, expires_ms: 356583, command: Reverse }, order: 255, received_ms: 356507 })
RX src=Wifi session=45608403140647 seq=4 cmd=Forward rx_ms=356563 expires_ms=356687 order=256 depth=1 status=Queued
OUT at_ms=356564 depth=0 event=Apply(Entry { input: Input { source: Wifi, session: 45608403140647, seq: 4, expires_ms: 356687, command: Forward }, order: 256, received_ms: 356563 })
RX src=Wifi session=45608403140647 seq=5 cmd=Reverse rx_ms=356712 expires_ms=356798 order=257 depth=1 status=Queued
OUT at_ms=356729 depth=0 event=Apply(Entry { input: Input { source: Wifi, session: 45608403140647, seq: 5, expires_ms: 356798, command: Reverse }, order: 257, received_ms: 356712 })
RX src=Wifi session=45608403140647 seq=6 cmd=Forward rx_ms=356814 expires_ms=356891 order=258 depth=1 status=Queued
OUT at_ms=356815 depth=0 event=Apply(Entry { input: Input { source: Wifi, session: 45608403140647, seq: 6, expires_ms: 356891, command: Forward }, order: 258, received_ms: 356814 })
RX src=Wifi session=45608403140647 seq=7 cmd=Reverse rx_ms=356916 expires_ms=357009 order=259 depth=1 status=Queued
OUT at_ms=356920 depth=0 event=Apply(Entry { input: Input { source: Wifi, session: 45608403140647, seq: 7, expires_ms: 357009, command: Reverse }, order: 259, received_ms: 356916 })
RX src=Wifi session=45608403140647 seq=8 cmd=Forward rx_ms=356973 expires_ms=357096 order=260 depth=1 status=Queued
OUT at_ms=356984 depth=0 event=Apply(Entry { input: Input { source: Wifi, session: 45608403140647, seq: 8, expires_ms: 357096, command: Forward }, order: 260, received_ms: 356973 })
RX src=Wifi session=45608403140647 seq=9 cmd=Reverse rx_ms=357031 expires_ms=357155 order=261 depth=1 status=Queued
OUT at_ms=357049 depth=0 event=Apply(Entry { input: Input { source: Wifi, session: 45608403140647, seq: 9, expires_ms: 357155, command: Reverse }, order: 261, received_ms: 357031 })
RX src=Wifi session=45608403140647 seq=10 cmd=Forward rx_ms=357121 expires_ms=357210 order=262 depth=1 status=Queued
OUT at_ms=357135 depth=0 event=Apply(Entry { input: Input { source: Wifi, session: 45608403140647, seq: 10, expires_ms: 357210, command: Forward }, order: 262, received_ms: 357121 })
RX src=Wifi session=45608403140647 seq=11 cmd=Reverse rx_ms=357222 expires_ms=357301 order=263 depth=1 status=Queued
OUT at_ms=357241 depth=0 event=Apply(Entry { input: Input { source: Wifi, session: 45608403140647, seq: 11, expires_ms: 357301, command: Reverse }, order: 263, received_ms: 357222 })
RX src=Wifi session=45608403140647 seq=12 cmd=Forward rx_ms=357326 expires_ms=357402 order=264 depth=1 status=Queued
OUT at_ms=357327 depth=0 event=Apply(Entry { input: Input { source: Wifi, session: 45608403140647, seq: 12, expires_ms: 357402, command: Forward }, order: 264, received_ms: 357326 })
RX src=Wifi session=45608403140647 seq=13 cmd=Reverse rx_ms=357440 expires_ms=357521 order=265 depth=1 status=Queued
OUT at_ms=357454 depth=0 event=Apply(Entry { input: Input { source: Wifi, session: 45608403140647, seq: 13, expires_ms: 357521, command: Reverse }, order: 265, received_ms: 357440 })
RX src=Wifi session=45608403140647 seq=14 cmd=Forward rx_ms=357531 expires_ms=357620 order=266 depth=1 status=Queued
OUT at_ms=357539 depth=0 event=Apply(Entry { input: Input { source: Wifi, session: 45608403140647, seq: 14, expires_ms: 357620, command: Forward }, order: 266, received_ms: 357531 })
RX src=Wifi session=45608403140647 seq=15 cmd=Reverse rx_ms=357631 expires_ms=357711 order=267 depth=1 status=Queued
OUT at_ms=357647 depth=0 event=Apply(Entry { input: Input { source: Wifi, session: 45608403140647, seq: 15, expires_ms: 357711, command: Reverse }, order: 267, received_ms: 357631 })
RX src=Wifi session=45608403140647 seq=16 cmd=Forward rx_ms=357736 expires_ms=357812 order=268 depth=1 status=Queued
OUT at_ms=357753 depth=0 event=Apply(Entry { input: Input { source: Wifi, session: 45608403140647, seq: 16, expires_ms: 357812, command: Forward }, order: 268, received_ms: 357736 })
RX src=Wifi session=45608403140647 seq=17 cmd=Reverse rx_ms=357792 expires_ms=357916 order=269 depth=1 status=Queued
OUT at_ms=357799 depth=0 event=Apply(Entry { input: Input { source: Wifi, session: 45608403140647, seq: 17, expires_ms: 357916, command: Reverse }, order: 269, received_ms: 357792 })
RX src=Wifi session=45608403140647 seq=18 cmd=Forward rx_ms=357850 expires_ms=357974 order=270 depth=1 status=Queued
OUT at_ms=357868 depth=0 event=Apply(Entry { input: Input { source: Wifi, session: 45608403140647, seq: 18, expires_ms: 357974, command: Forward }, order: 270, received_ms: 357850 })
RX src=Wifi session=45608403140647 seq=19 cmd=Reverse rx_ms=357941 expires_ms=358029 order=271 depth=1 status=Queued
OUT at_ms=357954 depth=0 event=Apply(Entry { input: Input { source: Wifi, session: 45608403140647, seq: 19, expires_ms: 358029, command: Reverse }, order: 271, received_ms: 357941 })
RX src=Wifi session=45608403140647 seq=20 cmd=Forward rx_ms=358041 expires_ms=358120 order=272 depth=1 status=Queued
OUT at_ms=358041 depth=0 event=Apply(Entry { input: Input { source: Wifi, session: 45608403140647, seq: 20, expires_ms: 358120, command: Forward }, order: 272, received_ms: 358041 })
RX src=Wifi session=45608403140647 seq=21 cmd=Reverse rx_ms=358146 expires_ms=358234 order=273 depth=1 status=Queued
OUT at_ms=358146 depth=0 event=Apply(Entry { input: Input { source: Wifi, session: 45608403140647, seq: 21, expires_ms: 358234, command: Reverse }, order: 273, received_ms: 358146 })
RX src=Wifi session=45608403140647 seq=22 cmd=Forward rx_ms=358260 expires_ms=358341 order=274 depth=1 status=Queued
OUT at_ms=358273 depth=0 event=Apply(Entry { input: Input { source: Wifi, session: 45608403140647, seq: 22, expires_ms: 358341, command: Forward }, order: 274, received_ms: 358260 })
RX src=Wifi session=45608403140647 seq=23 cmd=Reverse rx_ms=358350 expires_ms=358439 order=275 depth=1 status=Queued
OUT at_ms=358358 depth=0 event=Apply(Entry { input: Input { source: Wifi, session: 45608403140647, seq: 23, expires_ms: 358439, command: Reverse }, order: 275, received_ms: 358350 })
RX src=Wifi session=45608403140647 seq=24 cmd=Forward rx_ms=358450 expires_ms=358530 order=276 depth=1 status=Queued
OUT at_ms=358467 depth=0 event=Apply(Entry { input: Input { source: Wifi, session: 45608403140647, seq: 24, expires_ms: 358530, command: Forward }, order: 276, received_ms: 358450 })
RX src=Wifi session=45608403140647 seq=25 cmd=Reverse rx_ms=358555 expires_ms=358631 order=277 depth=1 status=Queued
OUT at_ms=358572 depth=0 event=Apply(Entry { input: Input { source: Wifi, session: 45608403140647, seq: 25, expires_ms: 358631, command: Reverse }, order: 277, received_ms: 358555 })
RX src=Wifi session=45608403140647 seq=26 cmd=Forward rx_ms=358611 expires_ms=358735 order=278 depth=1 status=Queued
OUT at_ms=358618 depth=0 event=Apply(Entry { input: Input { source: Wifi, session: 45608403140647, seq: 26, expires_ms: 358735, command: Forward }, order: 278, received_ms: 358611 })
RX src=Wifi session=45608403140647 seq=27 cmd=Reverse rx_ms=358669 expires_ms=358794 order=279 depth=1 status=Queued
OUT at_ms=358686 depth=0 event=Apply(Entry { input: Input { source: Wifi, session: 45608403140647, seq: 27, expires_ms: 358794, command: Reverse }, order: 279, received_ms: 358669 })
RX src=Wifi session=45608403140647 seq=28 cmd=Forward rx_ms=358760 expires_ms=358849 order=280 depth=1 status=Queued
OUT at_ms=358773 depth=0 event=Apply(Entry { input: Input { source: Wifi, session: 45608403140647, seq: 28, expires_ms: 358849, command: Forward }, order: 280, received_ms: 358760 })
RX src=Wifi session=45608403140647 seq=29 cmd=Reverse rx_ms=358860 expires_ms=358940 order=281 depth=1 status=Queued
OUT at_ms=358879 depth=0 event=Apply(Entry { input: Input { source: Wifi, session: 45608403140647, seq: 29, expires_ms: 358940, command: Reverse }, order: 281, received_ms: 358860 })
RX src=Wifi session=45608403140647 seq=30 cmd=Forward rx_ms=358963 expires_ms=359041 order=282 depth=1 status=Queued
OUT at_ms=358966 depth=0 event=Apply(Entry { input: Input { source: Wifi, session: 45608403140647, seq: 30, expires_ms: 359041, command: Forward }, order: 282, received_ms: 358963 })
RX src=Wifi session=45608403140647 seq=31 cmd=Reverse rx_ms=359022 expires_ms=359143 order=283 depth=1 status=Queued
OUT at_ms=359029 depth=0 event=Apply(Entry { input: Input { source: Wifi, session: 45608403140647, seq: 31, expires_ms: 359143, command: Reverse }, order: 283, received_ms: 359022 })
RX src=Wifi session=45608403140647 seq=32 cmd=Forward rx_ms=359079 expires_ms=359203 order=284 depth=1 status=Queued
OUT at_ms=359098 depth=0 event=Apply(Entry { input: Input { source: Wifi, session: 45608403140647, seq: 32, expires_ms: 359203, command: Forward }, order: 284, received_ms: 359079 })
RX src=Wifi session=45608403140647 seq=33 cmd=Reverse rx_ms=359170 expires_ms=359258 order=285 depth=1 status=Queued
OUT at_ms=359184 depth=0 event=Apply(Entry { input: Input { source: Wifi, session: 45608403140647, seq: 33, expires_ms: 359258, command: Reverse }, order: 285, received_ms: 359170 })
RX src=Wifi session=45608403140647 seq=34 cmd=Forward rx_ms=359271 expires_ms=359349 order=286 depth=1 status=Queued
OUT at_ms=359289 depth=0 event=Apply(Entry { input: Input { source: Wifi, session: 45608403140647, seq: 34, expires_ms: 359349, command: Forward }, order: 286, received_ms: 359271 })
RX src=Wifi session=45608403140647 seq=35 cmd=Reverse rx_ms=359374 expires_ms=359450 order=287 depth=1 status=Queued
OUT at_ms=359375 depth=0 event=Apply(Entry { input: Input { source: Wifi, session: 45608403140647, seq: 35, expires_ms: 359450, command: Reverse }, order: 287, received_ms: 359374 })
RX src=Wifi session=45608403140647 seq=36 cmd=Forward rx_ms=359488 expires_ms=359569 order=288 depth=1 status=Queued
OUT at_ms=359502 depth=0 event=Apply(Entry { input: Input { source: Wifi, session: 45608403140647, seq: 36, expires_ms: 359569, command: Forward }, order: 288, received_ms: 359488 })
RX src=Wifi session=45608403140647 seq=37 cmd=Reverse rx_ms=359579 expires_ms=359668 order=289 depth=1 status=Queued
OUT at_ms=359587 depth=0 event=Apply(Entry { input: Input { source: Wifi, session: 45608403140647, seq: 37, expires_ms: 359668, command: Reverse }, order: 289, received_ms: 359579 })
RX src=Wifi session=45608403140647 seq=38 cmd=Forward rx_ms=359683 expires_ms=359759 order=290 depth=1 status=Queued
OUT at_ms=359696 depth=0 event=Apply(Entry { input: Input { source: Wifi, session: 45608403140647, seq: 38, expires_ms: 359759, command: Forward }, order: 290, received_ms: 359683 })
RX src=Wifi session=45608403140647 seq=39 cmd=Reverse rx_ms=359784 expires_ms=359862 order=291 depth=1 status=Queued
OUT at_ms=359802 depth=0 event=Apply(Entry { input: Input { source: Wifi, session: 45608403140647, seq: 39, expires_ms: 359862, command: Reverse }, order: 291, received_ms: 359784 })
RX src=Wifi session=45608403140647 seq=40 cmd=Forward rx_ms=359840 expires_ms=359964 order=292 depth=1 status=Queued
OUT at_ms=359848 depth=0 event=Apply(Entry { input: Input { source: Wifi, session: 45608403140647, seq: 40, expires_ms: 359964, command: Forward }, order: 292, received_ms: 359840 })
RX src=Wifi session=45608403140647 seq=41 cmd=Reverse rx_ms=359898 expires_ms=360022 order=293 depth=1 status=Queued
OUT at_ms=359916 depth=0 event=Apply(Entry { input: Input { source: Wifi, session: 45608403140647, seq: 41, expires_ms: 360022, command: Reverse }, order: 293, received_ms: 359898 })
RX src=Wifi session=45608403140647 seq=42 cmd=Forward rx_ms=359989 expires_ms=360077 order=294 depth=1 status=Queued
OUT at_ms=360002 depth=0 event=Apply(Entry { input: Input { source: Wifi, session: 45608403140647, seq: 42, expires_ms: 360077, command: Forward }, order: 294, received_ms: 359989 })
RX src=Wifi session=45608403140647 seq=43 cmd=Reverse rx_ms=360089 expires_ms=360168 order=295 depth=1 status=Queued
OUT at_ms=360108 depth=0 event=Apply(Entry { input: Input { source: Wifi, session: 45608403140647, seq: 43, expires_ms: 360168, command: Reverse }, order: 295, received_ms: 360089 })
RX src=Wifi session=45608403140647 seq=44 cmd=Forward rx_ms=360194 expires_ms=360270 order=296 depth=1 status=Queued
OUT at_ms=360195 depth=0 event=Apply(Entry { input: Input { source: Wifi, session: 45608403140647, seq: 44, expires_ms: 360270, command: Forward }, order: 296, received_ms: 360194 })
RX src=Wifi session=45608403140647 seq=45 cmd=Reverse rx_ms=360299 expires_ms=360388 order=297 depth=1 status=Queued
OUT at_ms=360300 depth=0 event=Apply(Entry { input: Input { source: Wifi, session: 45608403140647, seq: 45, expires_ms: 360388, command: Reverse }, order: 297, received_ms: 360299 })
RX src=Wifi session=45608403140647 seq=46 cmd=Forward rx_ms=360543 expires_ms=360493 order=0 depth=0 status=Stale
RX src=Wifi session=45608403140647 seq=47 cmd=Reverse rx_ms=360655 expires_ms=360722 order=298 depth=1 status=Queued
OUT at_ms=360669 depth=0 event=Apply(Entry { input: Input { source: Wifi, session: 45608403140647, seq: 47, expires_ms: 360722, command: Reverse }, order: 298, received_ms: 360655 })
RX src=Wifi session=45608403140647 seq=48 cmd=Forward rx_ms=360820 expires_ms=360920 order=299 depth=1 status=Queued
OUT at_ms=360837 depth=0 event=Apply(Entry { input: Input { source: Wifi, session: 45608403140647, seq: 48, expires_ms: 360920, command: Forward }, order: 299, received_ms: 360820 })
RX src=Wifi session=45608403140647 seq=49 cmd=Reverse rx_ms=361040 expires_ms=361003 order=0 depth=0 status=Stale
RX src=Wifi session=45608403140647 seq=50 cmd=Forward rx_ms=361229 expires_ms=361222 order=0 depth=0 status=Stale
RX src=Wifi session=45608403140647 seq=51 cmd=Reverse rx_ms=361400 expires_ms=361408 order=300 depth=1 status=Queued
OUT at_ms=361405 depth=0 event=Apply(Entry { input: Input { source: Wifi, session: 45608403140647, seq: 51, expires_ms: 361408, command: Reverse }, order: 300, received_ms: 361400 })
RX src=Wifi session=45608403140647 seq=52 cmd=Forward rx_ms=361455 expires_ms=361579 order=301 depth=1 status=Queued
OUT at_ms=361466 depth=0 event=Apply(Entry { input: Input { source: Wifi, session: 45608403140647, seq: 52, expires_ms: 361579, command: Forward }, order: 301, received_ms: 361455 })
RX src=Wifi session=45608403140647 seq=53 cmd=Reverse rx_ms=361511 expires_ms=361635 order=302 depth=1 status=Queued
OUT at_ms=361512 depth=0 event=Apply(Entry { input: Input { source: Wifi, session: 45608403140647, seq: 53, expires_ms: 361635, command: Reverse }, order: 302, received_ms: 361511 })
RX src=Wifi session=45608403140647 seq=54 cmd=Forward rx_ms=361685 expires_ms=361706 order=303 depth=1 status=Queued
OUT at_ms=361698 depth=0 event=Apply(Entry { input: Input { source: Wifi, session: 45608403140647, seq: 54, expires_ms: 361706, command: Forward }, order: 303, received_ms: 361685 })
RX src=Wifi session=45608403140647 seq=55 cmd=Reverse rx_ms=361875 expires_ms=361865 order=0 depth=0 status=Stale
RX src=Wifi session=45608403140647 seq=56 cmd=Forward rx_ms=361930 expires_ms=362055 order=304 depth=1 status=Queued
OUT at_ms=361947 depth=0 event=Apply(Entry { input: Input { source: Wifi, session: 45608403140647, seq: 56, expires_ms: 362055, command: Forward }, order: 304, received_ms: 361930 })
RX src=Wifi session=45608403140647 seq=57 cmd=Reverse rx_ms=362024 expires_ms=362111 order=305 depth=1 status=Queued
OUT at_ms=362032 depth=0 event=Apply(Entry { input: Input { source: Wifi, session: 45608403140647, seq: 57, expires_ms: 362111, command: Reverse }, order: 305, received_ms: 362024 })
RX src=Wifi session=45608403140647 seq=58 cmd=Forward rx_ms=362234 expires_ms=362203 order=0 depth=0 status=Stale
RX src=Wifi session=45608403140647 seq=59 cmd=Reverse rx_ms=362293 expires_ms=362413 order=306 depth=1 status=Queued
OUT at_ms=362300 depth=0 event=Apply(Entry { input: Input { source: Wifi, session: 45608403140647, seq: 59, expires_ms: 362413, command: Reverse }, order: 306, received_ms: 362293 })
RX src=Wifi session=45608403140647 seq=60 cmd=Forward rx_ms=362348 expires_ms=362473 order=307 depth=1 status=Queued
OUT at_ms=362349 depth=0 event=Apply(Entry { input: Input { source: Wifi, session: 45608403140647, seq: 60, expires_ms: 362473, command: Forward }, order: 307, received_ms: 362348 })
RX src=Wifi session=45608403140647 seq=61 cmd=Reverse rx_ms=362514 expires_ms=362566 order=308 depth=1 status=Queued
OUT at_ms=362515 depth=0 event=Apply(Entry { input: Input { source: Wifi, session: 45608403140647, seq: 61, expires_ms: 362566, command: Reverse }, order: 308, received_ms: 362514 })
RX src=Wifi session=45608403140647 seq=62 cmd=Forward rx_ms=362606 expires_ms=362708 order=309 depth=1 status=Queued
OUT at_ms=362620 depth=0 event=Apply(Entry { input: Input { source: Wifi, session: 45608403140647, seq: 62, expires_ms: 362708, command: Forward }, order: 309, received_ms: 362606 })
RX src=Wifi session=45608403140647 seq=63 cmd=Reverse rx_ms=362703 expires_ms=362787 order=310 depth=1 status=Queued
OUT at_ms=362707 depth=0 event=Apply(Entry { input: Input { source: Wifi, session: 45608403140647, seq: 63, expires_ms: 362787, command: Reverse }, order: 310, received_ms: 362703 })
RX src=Wifi session=45608403140647 seq=64 cmd=Forward rx_ms=362924 expires_ms=362883 order=0 depth=0 status=Stale
RX src=Wifi session=45608403140647 seq=65 cmd=Reverse rx_ms=362979 expires_ms=363103 order=311 depth=1 status=Queued
OUT at_ms=362989 depth=0 event=Apply(Entry { input: Input { source: Wifi, session: 45608403140647, seq: 65, expires_ms: 363103, command: Reverse }, order: 311, received_ms: 362979 })
RX src=Wifi session=45608403140647 seq=66 cmd=Forward rx_ms=363077 expires_ms=363202 order=312 depth=1 status=Queued
OUT at_ms=363095 depth=0 event=Apply(Entry { input: Input { source: Wifi, session: 45608403140647, seq: 66, expires_ms: 363202, command: Forward }, order: 312, received_ms: 363077 })
RX src=Wifi session=45608403140647 seq=67 cmd=Reverse rx_ms=363334 expires_ms=363292 order=0 depth=0 status=Stale
RX src=Wifi session=45608403140647 seq=68 cmd=Forward rx_ms=363447 expires_ms=363513 order=313 depth=1 status=Queued
OUT at_ms=363462 depth=0 event=Apply(Entry { input: Input { source: Wifi, session: 45608403140647, seq: 68, expires_ms: 363513, command: Forward }, order: 313, received_ms: 363447 })
RX src=Wifi session=45608403140647 seq=69 cmd=Reverse rx_ms=363524 expires_ms=363626 order=314 depth=1 status=Queued
OUT at_ms=363529 depth=0 event=Apply(Entry { input: Input { source: Wifi, session: 45608403140647, seq: 69, expires_ms: 363626, command: Reverse }, order: 314, received_ms: 363524 })
RX src=Wifi session=45608403140647 seq=70 cmd=Forward rx_ms=363810 expires_ms=363703 order=0 depth=0 status=Stale
RX src=Wifi session=45608403140647 seq=71 cmd=Reverse rx_ms=363881 expires_ms=363990 order=315 depth=1 status=Queued
OUT at_ms=363892 depth=0 event=Apply(Entry { input: Input { source: Wifi, session: 45608403140647, seq: 71, expires_ms: 363990, command: Reverse }, order: 315, received_ms: 363881 })
RX src=Wifi session=45608403140647 seq=72 cmd=Forward rx_ms=363936 expires_ms=364061 order=316 depth=1 status=Queued
OUT at_ms=363939 depth=0 event=Apply(Entry { input: Input { source: Wifi, session: 45608403140647, seq: 72, expires_ms: 364061, command: Forward }, order: 316, received_ms: 363936 })
RX src=Wifi session=45608403140647 seq=73 cmd=Reverse rx_ms=364014 expires_ms=364118 order=317 depth=1 status=Queued
OUT at_ms=364023 depth=0 event=Apply(Entry { input: Input { source: Wifi, session: 45608403140647, seq: 73, expires_ms: 364118, command: Reverse }, order: 317, received_ms: 364014 })
RX src=Wifi session=45608403140647 seq=74 cmd=Forward rx_ms=364199 expires_ms=364193 order=0 depth=0 status=Stale
RX src=Wifi session=45608403140647 seq=75 cmd=Reverse rx_ms=364291 expires_ms=364379 order=318 depth=1 status=Queued
OUT at_ms=364292 depth=0 event=Apply(Entry { input: Input { source: Wifi, session: 45608403140647, seq: 75, expires_ms: 364379, command: Reverse }, order: 318, received_ms: 364291 })
RX src=Wifi session=45608403140647 seq=76 cmd=Forward rx_ms=364360 expires_ms=364485 order=319 depth=1 status=Queued
OUT at_ms=364377 depth=0 event=Apply(Entry { input: Input { source: Wifi, session: 45608403140647, seq: 76, expires_ms: 364485, command: Forward }, order: 319, received_ms: 364360 })
RX src=Wifi session=45608403140647 seq=77 cmd=Reverse rx_ms=364434 expires_ms=364539 order=320 depth=1 status=Queued
OUT at_ms=364442 depth=0 event=Apply(Entry { input: Input { source: Wifi, session: 45608403140647, seq: 77, expires_ms: 364539, command: Reverse }, order: 320, received_ms: 364434 })
RX src=Wifi session=45608403140647 seq=78 cmd=Forward rx_ms=364609 expires_ms=364614 order=321 depth=1 status=Queued
OUT at_ms=364613 depth=0 event=Apply(Entry { input: Input { source: Wifi, session: 45608403140647, seq: 78, expires_ms: 364614, command: Forward }, order: 321, received_ms: 364609 })
RX src=Wifi session=45608403140647 seq=79 cmd=Reverse rx_ms=364693 expires_ms=364789 order=322 depth=1 status=Queued
OUT at_ms=364696 depth=0 event=Apply(Entry { input: Input { source: Wifi, session: 45608403140647, seq: 79, expires_ms: 364789, command: Reverse }, order: 322, received_ms: 364693 })
RX src=Wifi session=45608403140647 seq=80 cmd=Forward rx_ms=364747 expires_ms=364872 order=323 depth=1 status=Queued
OUT at_ms=364760 depth=0 event=Apply(Entry { input: Input { source: Wifi, session: 45608403140647, seq: 80, expires_ms: 364872, command: Forward }, order: 323, received_ms: 364747 })
RX src=Wifi session=45608403140647 seq=81 cmd=Reverse rx_ms=364808 expires_ms=364926 order=324 depth=1 status=Queued
OUT at_ms=364826 depth=0 event=Apply(Entry { input: Input { source: Wifi, session: 45608403140647, seq: 81, expires_ms: 364926, command: Reverse }, order: 324, received_ms: 364808 })
RX src=Wifi session=45608403140647 seq=82 cmd=Forward rx_ms=364974 expires_ms=364987 order=325 depth=1 status=Queued
OUT at_ms=364992 depth=0 event=Stale(Entry { input: Input { source: Wifi, session: 45608403140647, seq: 82, expires_ms: 364987, command: Forward }, order: 325, received_ms: 364974 })
RX src=Wifi session=45608403140647 seq=83 cmd=Reverse rx_ms=365029 expires_ms=365153 order=326 depth=1 status=Queued
OUT at_ms=365037 depth=0 event=Apply(Entry { input: Input { source: Wifi, session: 45608403140647, seq: 83, expires_ms: 365153, command: Reverse }, order: 326, received_ms: 365029 })
RX src=Wifi session=45608403140647 seq=84 cmd=Forward rx_ms=365165 expires_ms=365247 order=327 depth=1 status=Queued
OUT at_ms=365165 depth=0 event=Apply(Entry { input: Input { source: Wifi, session: 45608403140647, seq: 84, expires_ms: 365247, command: Forward }, order: 327, received_ms: 365165 })
RX src=Wifi session=45608403140647 seq=85 cmd=Reverse rx_ms=365335 expires_ms=365358 order=328 depth=1 status=Queued
OUT at_ms=365351 depth=0 event=Apply(Entry { input: Input { source: Wifi, session: 45608403140647, seq: 85, expires_ms: 365358, command: Reverse }, order: 328, received_ms: 365335 })
RX src=Wifi session=45608403140647 seq=86 cmd=Forward rx_ms=365443 expires_ms=365514 order=329 depth=1 status=Queued
OUT at_ms=365458 depth=0 event=Apply(Entry { input: Input { source: Wifi, session: 45608403140647, seq: 86, expires_ms: 365514, command: Forward }, order: 329, received_ms: 365443 })
RX src=Wifi session=45608403140647 seq=87 cmd=Reverse rx_ms=365498 expires_ms=365622 order=330 depth=1 status=Queued
OUT at_ms=365504 depth=0 event=Apply(Entry { input: Input { source: Wifi, session: 45608403140647, seq: 87, expires_ms: 365622, command: Reverse }, order: 330, received_ms: 365498 })
RX src=Wifi session=45608403140647 seq=88 cmd=Forward rx_ms=365562 expires_ms=365677 order=331 depth=1 status=Queued
OUT at_ms=365575 depth=0 event=Apply(Entry { input: Input { source: Wifi, session: 45608403140647, seq: 88, expires_ms: 365677, command: Forward }, order: 331, received_ms: 365562 })
RX src=Wifi session=45608403140647 seq=89 cmd=Reverse rx_ms=365668 expires_ms=365741 order=332 depth=1 status=Queued
OUT at_ms=365681 depth=0 event=Apply(Entry { input: Input { source: Wifi, session: 45608403140647, seq: 89, expires_ms: 365741, command: Reverse }, order: 332, received_ms: 365668 })
RX src=Wifi session=45608403140647 seq=90 cmd=Forward rx_ms=365916 expires_ms=365969 order=333 depth=1 status=Queued
OUT at_ms=365930 depth=0 event=Apply(Entry { input: Input { source: Wifi, session: 45608403140647, seq: 90, expires_ms: 365969, command: Forward }, order: 333, received_ms: 365916 })
RX src=Wifi session=45608403140647 seq=91 cmd=Reverse rx_ms=365984 expires_ms=366096 order=334 depth=1 status=Queued
OUT at_ms=365997 depth=0 event=Apply(Entry { input: Input { source: Wifi, session: 45608403140647, seq: 91, expires_ms: 366096, command: Reverse }, order: 334, received_ms: 365984 })
RX src=Wifi session=45608403140647 seq=92 cmd=Forward rx_ms=366076 expires_ms=366166 order=335 depth=1 status=Queued
OUT at_ms=366083 depth=0 event=Apply(Entry { input: Input { source: Wifi, session: 45608403140647, seq: 92, expires_ms: 366166, command: Forward }, order: 335, received_ms: 366076 })
RX src=Wifi session=45608403140647 seq=93 cmd=Reverse rx_ms=366201 expires_ms=366255 order=336 depth=1 status=Queued
OUT at_ms=366215 depth=0 event=Apply(Entry { input: Input { source: Wifi, session: 45608403140647, seq: 93, expires_ms: 366255, command: Reverse }, order: 336, received_ms: 366201 })
RX src=Wifi session=45608403140647 seq=94 cmd=Forward rx_ms=366293 expires_ms=366380 order=337 depth=1 status=Queued
OUT at_ms=366300 depth=0 event=Apply(Entry { input: Input { source: Wifi, session: 45608403140647, seq: 94, expires_ms: 366380, command: Forward }, order: 337, received_ms: 366293 })
RX src=Wifi session=45608403140647 seq=95 cmd=Reverse rx_ms=366349 expires_ms=366473 order=338 depth=1 status=Queued
OUT at_ms=366350 depth=0 event=Apply(Entry { input: Input { source: Wifi, session: 45608403140647, seq: 95, expires_ms: 366473, command: Reverse }, order: 338, received_ms: 366349 })
RX src=Wifi session=45608403140647 seq=96 cmd=Forward rx_ms=366441 expires_ms=366566 order=339 depth=1 status=Queued
OUT at_ms=366455 depth=0 event=Apply(Entry { input: Input { source: Wifi, session: 45608403140647, seq: 96, expires_ms: 366566, command: Forward }, order: 339, received_ms: 366441 })
RX src=Wifi session=45608403140647 seq=97 cmd=Reverse rx_ms=366548 expires_ms=366620 order=340 depth=1 status=Queued
OUT at_ms=366562 depth=0 event=Apply(Entry { input: Input { source: Wifi, session: 45608403140647, seq: 97, expires_ms: 366620, command: Reverse }, order: 340, received_ms: 366548 })
RX src=Wifi session=45608403140647 seq=98 cmd=Forward rx_ms=366621 expires_ms=366728 order=341 depth=1 status=Queued
OUT at_ms=366627 depth=0 event=Apply(Entry { input: Input { source: Wifi, session: 45608403140647, seq: 98, expires_ms: 366728, command: Forward }, order: 341, received_ms: 366621 })
RX src=Wifi session=45608403140647 seq=99 cmd=Reverse rx_ms=366739 expires_ms=366800 order=342 depth=1 status=Queued
OUT at_ms=366757 depth=0 event=Apply(Entry { input: Input { source: Wifi, session: 45608403140647, seq: 99, expires_ms: 366800, command: Reverse }, order: 342, received_ms: 366739 })
RX src=Wifi session=45608403140647 seq=100 cmd=Forward rx_ms=366800 expires_ms=366918 order=343 depth=1 status=Queued
OUT at_ms=366803 depth=0 event=Apply(Entry { input: Input { source: Wifi, session: 45608403140647, seq: 100, expires_ms: 366918, command: Forward }, order: 343, received_ms: 366800 })
RX src=Wifi session=45608403140647 seq=101 cmd=Reverse rx_ms=366855 expires_ms=366979 order=344 depth=1 status=Queued
OUT at_ms=366866 depth=0 event=Apply(Entry { input: Input { source: Wifi, session: 45608403140647, seq: 101, expires_ms: 366979, command: Reverse }, order: 344, received_ms: 366855 })
RX src=Wifi session=45608403140647 seq=102 cmd=Forward rx_ms=366946 expires_ms=367071 order=345 depth=1 status=Queued
OUT at_ms=366952 depth=0 event=Apply(Entry { input: Input { source: Wifi, session: 45608403140647, seq: 102, expires_ms: 367071, command: Forward }, order: 345, received_ms: 366946 })
RX src=Wifi session=45608403140647 seq=103 cmd=Reverse rx_ms=367026 expires_ms=367126 order=346 depth=1 status=Queued
OUT at_ms=367032 depth=0 event=Apply(Entry { input: Input { source: Wifi, session: 45608403140647, seq: 103, expires_ms: 367126, command: Reverse }, order: 346, received_ms: 367026 })
RX src=Wifi session=45608403140647 seq=104 cmd=Forward rx_ms=367080 expires_ms=367205 order=347 depth=1 status=Queued
OUT at_ms=367084 depth=0 event=Apply(Entry { input: Input { source: Wifi, session: 45608403140647, seq: 104, expires_ms: 367205, command: Forward }, order: 347, received_ms: 367080 })
RX src=Wifi session=45608403140647 seq=105 cmd=Reverse rx_ms=367145 expires_ms=367259 order=348 depth=1 status=Queued
OUT at_ms=367146 depth=0 event=Apply(Entry { input: Input { source: Wifi, session: 45608403140647, seq: 105, expires_ms: 367259, command: Reverse }, order: 348, received_ms: 367145 })
RX src=Wifi session=45608403140647 seq=106 cmd=Forward rx_ms=367251 expires_ms=367339 order=349 depth=1 status=Queued
OUT at_ms=367252 depth=0 event=Apply(Entry { input: Input { source: Wifi, session: 45608403140647, seq: 106, expires_ms: 367339, command: Forward }, order: 349, received_ms: 367251 })
RX src=Wifi session=45608403140647 seq=107 cmd=Reverse rx_ms=367393 expires_ms=367445 order=350 depth=1 status=Queued
OUT at_ms=367397 depth=0 event=Apply(Entry { input: Input { source: Wifi, session: 45608403140647, seq: 107, expires_ms: 367445, command: Reverse }, order: 350, received_ms: 367393 })
RX src=Wifi session=45608403140647 seq=108 cmd=Forward rx_ms=367464 expires_ms=367573 order=351 depth=1 status=Queued
OUT at_ms=367479 depth=0 event=Apply(Entry { input: Input { source: Wifi, session: 45608403140647, seq: 108, expires_ms: 367573, command: Forward }, order: 351, received_ms: 367464 })
RX src=Wifi session=45608403140647 seq=109 cmd=Reverse rx_ms=367545 expires_ms=367643 order=352 depth=1 status=Queued
OUT at_ms=367546 depth=0 event=Apply(Entry { input: Input { source: Wifi, session: 45608403140647, seq: 109, expires_ms: 367643, command: Reverse }, order: 352, received_ms: 367545 })
RX src=Wifi session=45608403140647 seq=110 cmd=Forward rx_ms=367615 expires_ms=367740 order=353 depth=1 status=Queued
OUT at_ms=367631 depth=0 event=Apply(Entry { input: Input { source: Wifi, session: 45608403140647, seq: 110, expires_ms: 367740, command: Forward }, order: 353, received_ms: 367615 })
RX src=Wifi session=45608403140647 seq=111 cmd=Reverse rx_ms=367707 expires_ms=367794 order=354 depth=1 status=Queued
OUT at_ms=367717 depth=0 event=Apply(Entry { input: Input { source: Wifi, session: 45608403140647, seq: 111, expires_ms: 367794, command: Reverse }, order: 354, received_ms: 367707 })
RX src=Wifi session=45608403140647 seq=112 cmd=Forward rx_ms=367803 expires_ms=367886 order=355 depth=1 status=Queued
OUT at_ms=367806 depth=0 event=Apply(Entry { input: Input { source: Wifi, session: 45608403140647, seq: 112, expires_ms: 367886, command: Forward }, order: 355, received_ms: 367803 })
RX src=Wifi session=45608403140647 seq=113 cmd=Reverse rx_ms=367881 expires_ms=367983 order=356 depth=1 status=Queued
OUT at_ms=367889 depth=0 event=Apply(Entry { input: Input { source: Wifi, session: 45608403140647, seq: 113, expires_ms: 367983, command: Reverse }, order: 356, received_ms: 367881 })
RX src=Wifi session=45608403140647 seq=114 cmd=Forward rx_ms=367980 expires_ms=368061 order=357 depth=1 status=Queued
OUT at_ms=367999 depth=0 event=Apply(Entry { input: Input { source: Wifi, session: 45608403140647, seq: 114, expires_ms: 368061, command: Forward }, order: 357, received_ms: 367980 })
RX src=Wifi session=45608403140647 seq=115 cmd=Reverse rx_ms=368050 expires_ms=368173 order=358 depth=1 status=Queued
OUT at_ms=368065 depth=0 event=Apply(Entry { input: Input { source: Wifi, session: 45608403140647, seq: 115, expires_ms: 368173, command: Reverse }, order: 358, received_ms: 368050 })
RX src=Wifi session=45608403140647 seq=116 cmd=Forward rx_ms=368105 expires_ms=368229 order=359 depth=1 status=Queued
OUT at_ms=368110 depth=0 event=Apply(Entry { input: Input { source: Wifi, session: 45608403140647, seq: 116, expires_ms: 368229, command: Forward }, order: 359, received_ms: 368105 })
RX src=Wifi session=45608403140647 seq=117 cmd=Reverse rx_ms=368181 expires_ms=368284 order=360 depth=1 status=Queued
OUT at_ms=368192 depth=0 event=Apply(Entry { input: Input { source: Wifi, session: 45608403140647, seq: 117, expires_ms: 368284, command: Reverse }, order: 360, received_ms: 368181 })
RX src=Wifi session=45608403140647 seq=118 cmd=Forward rx_ms=368280 expires_ms=368361 order=361 depth=1 status=Queued
OUT at_ms=368298 depth=0 event=Apply(Entry { input: Input { source: Wifi, session: 45608403140647, seq: 118, expires_ms: 368361, command: Forward }, order: 361, received_ms: 368280 })
RX src=Wifi session=45608403140647 seq=119 cmd=Reverse rx_ms=368386 expires_ms=368462 order=362 depth=1 status=Queued
OUT at_ms=368404 depth=0 event=Apply(Entry { input: Input { source: Wifi, session: 45608403140647, seq: 119, expires_ms: 368462, command: Reverse }, order: 362, received_ms: 368386 })
RX src=Wifi session=45608403140647 seq=120 cmd=Forward rx_ms=368441 expires_ms=368566 order=363 depth=1 status=Queued
OUT at_ms=368450 depth=0 event=Apply(Entry { input: Input { source: Wifi, session: 45608403140647, seq: 120, expires_ms: 368566, command: Forward }, order: 363, received_ms: 368441 })
RX src=Wifi session=45608403140647 seq=121 cmd=Reverse rx_ms=368513 expires_ms=368624 order=364 depth=1 status=Queued
OUT at_ms=368517 depth=0 event=Apply(Entry { input: Input { source: Wifi, session: 45608403140647, seq: 121, expires_ms: 368624, command: Reverse }, order: 364, received_ms: 368513 })
RX src=Wifi session=45608403140647 seq=122 cmd=Forward rx_ms=368590 expires_ms=368693 order=365 depth=1 status=Queued
OUT at_ms=368599 depth=0 event=Apply(Entry { input: Input { source: Wifi, session: 45608403140647, seq: 122, expires_ms: 368693, command: Forward }, order: 365, received_ms: 368590 })
RX src=Wifi session=45608403140647 seq=123 cmd=Reverse rx_ms=368689 expires_ms=368770 order=366 depth=1 status=Queued
OUT at_ms=368707 depth=0 event=Apply(Entry { input: Input { source: Wifi, session: 45608403140647, seq: 123, expires_ms: 368770, command: Reverse }, order: 366, received_ms: 368689 })
RX src=Wifi session=45608403140647 seq=124 cmd=Forward rx_ms=368795 expires_ms=368872 order=367 depth=1 status=Queued
OUT at_ms=368813 depth=0 event=Apply(Entry { input: Input { source: Wifi, session: 45608403140647, seq: 124, expires_ms: 368872, command: Forward }, order: 367, received_ms: 368795 })
RX src=Wifi session=45608403140647 seq=125 cmd=Reverse rx_ms=368851 expires_ms=368975 order=368 depth=1 status=Queued
OUT at_ms=368859 depth=0 event=Apply(Entry { input: Input { source: Wifi, session: 45608403140647, seq: 125, expires_ms: 368975, command: Reverse }, order: 368, received_ms: 368851 })
RX src=Wifi session=45608403140647 seq=126 cmd=Forward rx_ms=368925 expires_ms=369034 order=369 depth=1 status=Queued
OUT at_ms=368928 depth=0 event=Apply(Entry { input: Input { source: Wifi, session: 45608403140647, seq: 126, expires_ms: 369034, command: Forward }, order: 369, received_ms: 368925 })
RX src=Wifi session=45608403140647 seq=127 cmd=Reverse rx_ms=369000 expires_ms=369105 order=370 depth=1 status=Queued
OUT at_ms=369013 depth=0 event=Apply(Entry { input: Input { source: Wifi, session: 45608403140647, seq: 127, expires_ms: 369105, command: Reverse }, order: 370, received_ms: 369000 })
RX src=Wifi session=45608403140647 seq=128 cmd=Forward rx_ms=369099 expires_ms=369180 order=371 depth=1 status=Queued
OUT at_ms=369100 depth=0 event=Apply(Entry { input: Input { source: Wifi, session: 45608403140647, seq: 128, expires_ms: 369180, command: Forward }, order: 371, received_ms: 369099 })
RX src=Wifi session=45608403140647 seq=129 cmd=Reverse rx_ms=369205 expires_ms=369293 order=372 depth=1 status=Queued
OUT at_ms=369208 depth=0 event=Apply(Entry { input: Input { source: Wifi, session: 45608403140647, seq: 129, expires_ms: 369293, command: Reverse }, order: 372, received_ms: 369205 })
RX src=Wifi session=45608403140647 seq=130 cmd=Forward rx_ms=369260 expires_ms=369384 order=373 depth=1 status=Queued
OUT at_ms=369271 depth=0 event=Apply(Entry { input: Input { source: Wifi, session: 45608403140647, seq: 130, expires_ms: 369384, command: Forward }, order: 373, received_ms: 369260 })
RX src=Wifi session=45608403140647 seq=131 cmd=Reverse rx_ms=369332 expires_ms=369440 order=374 depth=1 status=Queued
OUT at_ms=369337 depth=0 event=Apply(Entry { input: Input { source: Wifi, session: 45608403140647, seq: 131, expires_ms: 369440, command: Reverse }, order: 374, received_ms: 369332 })
RX src=Wifi session=45608403140647 seq=132 cmd=Forward rx_ms=369410 expires_ms=369512 order=375 depth=1 status=Queued
OUT at_ms=369418 depth=0 event=Apply(Entry { input: Input { source: Wifi, session: 45608403140647, seq: 132, expires_ms: 369512, command: Forward }, order: 375, received_ms: 369410 })
RX src=Wifi session=45608403140647 seq=133 cmd=Reverse rx_ms=369509 expires_ms=369590 order=376 depth=1 status=Queued
OUT at_ms=369526 depth=0 event=Apply(Entry { input: Input { source: Wifi, session: 45608403140647, seq: 133, expires_ms: 369590, command: Reverse }, order: 376, received_ms: 369509 })
RX src=Wifi session=45608403140647 seq=134 cmd=Forward rx_ms=369615 expires_ms=369691 order=377 depth=1 status=Queued
OUT at_ms=369632 depth=0 event=Apply(Entry { input: Input { source: Wifi, session: 45608403140647, seq: 134, expires_ms: 369691, command: Forward }, order: 377, received_ms: 369615 })
RX src=Wifi session=45608403140647 seq=135 cmd=Reverse rx_ms=369671 expires_ms=369795 order=378 depth=1 status=Queued
OUT at_ms=369677 depth=0 event=Apply(Entry { input: Input { source: Wifi, session: 45608403140647, seq: 135, expires_ms: 369795, command: Reverse }, order: 378, received_ms: 369671 })
RX src=Wifi session=45608403140647 seq=136 cmd=Forward rx_ms=369742 expires_ms=369852 order=379 depth=1 status=Queued
OUT at_ms=369747 depth=0 event=Apply(Entry { input: Input { source: Wifi, session: 45608403140647, seq: 136, expires_ms: 369852, command: Forward }, order: 379, received_ms: 369742 })
RX src=Wifi session=45608403140647 seq=137 cmd=Reverse rx_ms=369819 expires_ms=369922 order=380 depth=1 status=Queued
OUT at_ms=369828 depth=0 event=Apply(Entry { input: Input { source: Wifi, session: 45608403140647, seq: 137, expires_ms: 369922, command: Reverse }, order: 380, received_ms: 369819 })
RX src=Wifi session=45608403140647 seq=138 cmd=Forward rx_ms=369918 expires_ms=369999 order=381 depth=1 status=Queued
OUT at_ms=369935 depth=0 event=Apply(Entry { input: Input { source: Wifi, session: 45608403140647, seq: 138, expires_ms: 369999, command: Forward }, order: 381, received_ms: 369918 })
RX src=Wifi session=45608403140647 seq=139 cmd=Reverse rx_ms=370025 expires_ms=370100 order=382 depth=1 status=Queued
OUT at_ms=370041 depth=0 event=Apply(Entry { input: Input { source: Wifi, session: 45608403140647, seq: 139, expires_ms: 370100, command: Reverse }, order: 382, received_ms: 370025 })
RX src=Wifi session=45608403140647 seq=140 cmd=Forward rx_ms=370081 expires_ms=370205 order=383 depth=1 status=Queued
OUT at_ms=370087 depth=0 event=Apply(Entry { input: Input { source: Wifi, session: 45608403140647, seq: 140, expires_ms: 370205, command: Forward }, order: 383, received_ms: 370081 })
RX src=Wifi session=45608403140647 seq=141 cmd=Reverse rx_ms=370152 expires_ms=370261 order=384 depth=1 status=Queued
OUT at_ms=370157 depth=0 event=Apply(Entry { input: Input { source: Wifi, session: 45608403140647, seq: 141, expires_ms: 370261, command: Reverse }, order: 384, received_ms: 370152 })
RX src=Wifi session=45608403140647 seq=142 cmd=Forward rx_ms=370229 expires_ms=370332 order=385 depth=1 status=Queued
OUT at_ms=370237 depth=0 event=Apply(Entry { input: Input { source: Wifi, session: 45608403140647, seq: 142, expires_ms: 370332, command: Forward }, order: 385, received_ms: 370229 })
RX src=Wifi session=45608403140647 seq=143 cmd=Reverse rx_ms=370328 expires_ms=370409 order=386 depth=1 status=Queued
OUT at_ms=370345 depth=0 event=Apply(Entry { input: Input { source: Wifi, session: 45608403140647, seq: 143, expires_ms: 370409, command: Reverse }, order: 386, received_ms: 370328 })
RX src=Wifi session=45608403140647 seq=144 cmd=Forward rx_ms=370434 expires_ms=370510 order=387 depth=1 status=Queued
OUT at_ms=370452 depth=0 event=Apply(Entry { input: Input { source: Wifi, session: 45608403140647, seq: 144, expires_ms: 370510, command: Forward }, order: 387, received_ms: 370434 })
RX src=Wifi session=45608403140647 seq=145 cmd=Reverse rx_ms=370492 expires_ms=370613 order=388 depth=1 status=Queued
OUT at_ms=370497 depth=0 event=Apply(Entry { input: Input { source: Wifi, session: 45608403140647, seq: 145, expires_ms: 370613, command: Reverse }, order: 388, received_ms: 370492 })
RX src=Wifi session=45608403140647 seq=146 cmd=Forward rx_ms=370561 expires_ms=370673 order=389 depth=1 status=Queued
OUT at_ms=370578 depth=0 event=Apply(Entry { input: Input { source: Wifi, session: 45608403140647, seq: 146, expires_ms: 370673, command: Forward }, order: 389, received_ms: 370561 })
RX src=Wifi session=45608403140647 seq=147 cmd=Reverse rx_ms=370639 expires_ms=370741 order=390 depth=1 status=Queued
OUT at_ms=370644 depth=0 event=Apply(Entry { input: Input { source: Wifi, session: 45608403140647, seq: 147, expires_ms: 370741, command: Reverse }, order: 390, received_ms: 370639 })
RX src=Wifi session=45608403140647 seq=148 cmd=Forward rx_ms=370741 expires_ms=370818 order=391 depth=1 status=Queued
OUT at_ms=370744 depth=0 event=Apply(Entry { input: Input { source: Wifi, session: 45608403140647, seq: 148, expires_ms: 370818, command: Forward }, order: 391, received_ms: 370741 })
RX src=Wifi session=45608403140647 seq=149 cmd=Reverse rx_ms=370843 expires_ms=370921 order=392 depth=1 status=Queued
OUT at_ms=370847 depth=0 event=Apply(Entry { input: Input { source: Wifi, session: 45608403140647, seq: 149, expires_ms: 370921, command: Reverse }, order: 392, received_ms: 370843 })
RX src=Wifi session=45608403140647 seq=150 cmd=Forward rx_ms=370899 expires_ms=371023 order=393 depth=1 status=Queued
OUT at_ms=370910 depth=0 event=Apply(Entry { input: Input { source: Wifi, session: 45608403140647, seq: 150, expires_ms: 371023, command: Forward }, order: 393, received_ms: 370899 })
RX src=Wifi session=45608403140647 seq=151 cmd=Reverse rx_ms=370971 expires_ms=371082 order=394 depth=1 status=Queued
OUT at_ms=370976 depth=0 event=Apply(Entry { input: Input { source: Wifi, session: 45608403140647, seq: 151, expires_ms: 371082, command: Reverse }, order: 394, received_ms: 370971 })
RX src=Wifi session=45608403140647 seq=152 cmd=Forward rx_ms=371048 expires_ms=371151 order=395 depth=1 status=Queued
OUT at_ms=371056 depth=0 event=Apply(Entry { input: Input { source: Wifi, session: 45608403140647, seq: 152, expires_ms: 371151, command: Forward }, order: 395, received_ms: 371048 })
RX src=Wifi session=45608403140647 seq=153 cmd=Reverse rx_ms=371147 expires_ms=371228 order=396 depth=1 status=Queued
OUT at_ms=371165 depth=0 event=Apply(Entry { input: Input { source: Wifi, session: 45608403140647, seq: 153, expires_ms: 371228, command: Reverse }, order: 396, received_ms: 371147 })
RX src=Wifi session=45608403140647 seq=154 cmd=Forward rx_ms=371253 expires_ms=371330 order=397 depth=1 status=Queued
OUT at_ms=371270 depth=0 event=Apply(Entry { input: Input { source: Wifi, session: 45608403140647, seq: 154, expires_ms: 371330, command: Forward }, order: 397, received_ms: 371253 })
RX src=Wifi session=45608403140647 seq=155 cmd=Reverse rx_ms=371309 expires_ms=371433 order=398 depth=1 status=Queued
OUT at_ms=371317 depth=0 event=Apply(Entry { input: Input { source: Wifi, session: 45608403140647, seq: 155, expires_ms: 371433, command: Reverse }, order: 398, received_ms: 371309 })
RX src=Wifi session=45608403140647 seq=156 cmd=Forward rx_ms=371381 expires_ms=371492 order=399 depth=1 status=Queued
OUT at_ms=371384 depth=0 event=Apply(Entry { input: Input { source: Wifi, session: 45608403140647, seq: 156, expires_ms: 371492, command: Forward }, order: 399, received_ms: 371381 })
RX src=Wifi session=45608403140647 seq=157 cmd=Reverse rx_ms=371458 expires_ms=371561 order=400 depth=1 status=Queued
OUT at_ms=371469 depth=0 event=Apply(Entry { input: Input { source: Wifi, session: 45608403140647, seq: 157, expires_ms: 371561, command: Reverse }, order: 400, received_ms: 371458 })
RX src=Wifi session=45608403140647 seq=158 cmd=Forward rx_ms=371556 expires_ms=371640 order=401 depth=1 status=Queued
OUT at_ms=371575 depth=0 event=Apply(Entry { input: Input { source: Wifi, session: 45608403140647, seq: 158, expires_ms: 371640, command: Forward }, order: 401, received_ms: 371556 })
RX src=Wifi session=45608403140647 seq=159 cmd=Reverse rx_ms=371664 expires_ms=371739 order=402 depth=1 status=Queued
OUT at_ms=371681 depth=0 event=Apply(Entry { input: Input { source: Wifi, session: 45608403140647, seq: 159, expires_ms: 371739, command: Reverse }, order: 402, received_ms: 371664 })
RX src=Wifi session=45608403140647 seq=160 cmd=Forward rx_ms=371721 expires_ms=371845 order=403 depth=1 status=Queued
OUT at_ms=371727 depth=0 event=Apply(Entry { input: Input { source: Wifi, session: 45608403140647, seq: 160, expires_ms: 371845, command: Forward }, order: 403, received_ms: 371721 })
RX src=Wifi session=45608403140647 seq=161 cmd=Reverse rx_ms=371790 expires_ms=371902 order=404 depth=1 status=Queued
OUT at_ms=371796 depth=0 event=Apply(Entry { input: Input { source: Wifi, session: 45608403140647, seq: 161, expires_ms: 371902, command: Reverse }, order: 404, received_ms: 371790 })
RX src=Wifi session=45608403140647 seq=162 cmd=Forward rx_ms=371867 expires_ms=371970 order=405 depth=1 status=Queued
OUT at_ms=371886 depth=0 event=Apply(Entry { input: Input { source: Wifi, session: 45608403140647, seq: 162, expires_ms: 371970, command: Forward }, order: 405, received_ms: 371867 })
RX src=Wifi session=45608403140647 seq=163 cmd=Reverse rx_ms=371966 expires_ms=372047 order=406 depth=1 status=Queued
OUT at_ms=371973 depth=0 event=Apply(Entry { input: Input { source: Wifi, session: 45608403140647, seq: 163, expires_ms: 372047, command: Reverse }, order: 406, received_ms: 371966 })
RX src=Wifi session=45608403140647 seq=164 cmd=Forward rx_ms=372072 expires_ms=372149 order=407 depth=1 status=Queued
OUT at_ms=372083 depth=0 event=Apply(Entry { input: Input { source: Wifi, session: 45608403140647, seq: 164, expires_ms: 372149, command: Forward }, order: 407, received_ms: 372072 })
RX src=Wifi session=45608403140647 seq=165 cmd=Reverse rx_ms=372128 expires_ms=372252 order=408 depth=1 status=Queued
OUT at_ms=372129 depth=0 event=Apply(Entry { input: Input { source: Wifi, session: 45608403140647, seq: 165, expires_ms: 372252, command: Reverse }, order: 408, received_ms: 372128 })
RX src=Wifi session=45608403140647 seq=166 cmd=Forward rx_ms=372200 expires_ms=372322 order=409 depth=1 status=Queued
OUT at_ms=372214 depth=0 event=Apply(Entry { input: Input { source: Wifi, session: 45608403140647, seq: 166, expires_ms: 372322, command: Forward }, order: 409, received_ms: 372200 })
RX src=Wifi session=45608403140647 seq=167 cmd=Reverse rx_ms=372275 expires_ms=372379 order=410 depth=1 status=Queued
OUT at_ms=372281 depth=0 event=Apply(Entry { input: Input { source: Wifi, session: 45608403140647, seq: 167, expires_ms: 372379, command: Reverse }, order: 410, received_ms: 372275 })
RX src=Wifi session=45608403140647 seq=168 cmd=Forward rx_ms=372376 expires_ms=372456 order=411 depth=1 status=Queued
OUT at_ms=372390 depth=0 event=Apply(Entry { input: Input { source: Wifi, session: 45608403140647, seq: 168, expires_ms: 372456, command: Forward }, order: 411, received_ms: 372376 })
RX src=Wifi session=45608403140647 seq=169 cmd=Reverse rx_ms=372482 expires_ms=372558 order=412 depth=1 status=Queued
OUT at_ms=372496 depth=0 event=Apply(Entry { input: Input { source: Wifi, session: 45608403140647, seq: 169, expires_ms: 372558, command: Reverse }, order: 412, received_ms: 372482 })
RX src=Wifi session=45608403140647 seq=170 cmd=Forward rx_ms=372543 expires_ms=372668 order=413 depth=1 status=Queued
OUT at_ms=372562 depth=0 event=Apply(Entry { input: Input { source: Wifi, session: 45608403140647, seq: 170, expires_ms: 372668, command: Forward }, order: 413, received_ms: 372543 })
RX src=Wifi session=45608403140647 seq=171 cmd=Reverse rx_ms=372611 expires_ms=372723 order=414 depth=1 status=Queued
OUT at_ms=372627 depth=0 event=Apply(Entry { input: Input { source: Wifi, session: 45608403140647, seq: 171, expires_ms: 372723, command: Reverse }, order: 414, received_ms: 372611 })
RX src=Wifi session=45608403140647 seq=172 cmd=Forward rx_ms=372687 expires_ms=372790 order=415 depth=1 status=Queued
OUT at_ms=372693 depth=0 event=Apply(Entry { input: Input { source: Wifi, session: 45608403140647, seq: 172, expires_ms: 372790, command: Forward }, order: 415, received_ms: 372687 })
RX src=Wifi session=45608403140647 seq=173 cmd=Reverse rx_ms=372785 expires_ms=372867 order=416 depth=1 status=Queued
OUT at_ms=372803 depth=0 event=Apply(Entry { input: Input { source: Wifi, session: 45608403140647, seq: 173, expires_ms: 372867, command: Reverse }, order: 416, received_ms: 372785 })
RX src=Wifi session=45608403140647 seq=174 cmd=Forward rx_ms=372891 expires_ms=372967 order=417 depth=1 status=Queued
OUT at_ms=372908 depth=0 event=Apply(Entry { input: Input { source: Wifi, session: 45608403140647, seq: 174, expires_ms: 372967, command: Forward }, order: 417, received_ms: 372891 })
RX src=Wifi session=45608403140647 seq=175 cmd=Reverse rx_ms=372947 expires_ms=373071 order=418 depth=1 status=Queued
OUT at_ms=372955 depth=0 event=Apply(Entry { input: Input { source: Wifi, session: 45608403140647, seq: 175, expires_ms: 373071, command: Reverse }, order: 418, received_ms: 372947 })
RX src=Wifi session=45608403140647 seq=176 cmd=Forward rx_ms=373019 expires_ms=373130 order=419 depth=1 status=Queued
OUT at_ms=373023 depth=0 event=Apply(Entry { input: Input { source: Wifi, session: 45608403140647, seq: 176, expires_ms: 373130, command: Forward }, order: 419, received_ms: 373019 })
RX src=Wifi session=45608403140647 seq=177 cmd=Reverse rx_ms=373096 expires_ms=373199 order=420 depth=1 status=Queued
OUT at_ms=373105 depth=0 event=Apply(Entry { input: Input { source: Wifi, session: 45608403140647, seq: 177, expires_ms: 373199, command: Reverse }, order: 420, received_ms: 373096 })
RX src=Wifi session=45608403140647 seq=178 cmd=Forward rx_ms=373195 expires_ms=373276 order=421 depth=1 status=Queued
OUT at_ms=373212 depth=0 event=Apply(Entry { input: Input { source: Wifi, session: 45608403140647, seq: 178, expires_ms: 373276, command: Forward }, order: 421, received_ms: 373195 })
RX src=Wifi session=45608403140647 seq=179 cmd=Reverse rx_ms=373301 expires_ms=373377 order=422 depth=1 status=Queued
OUT at_ms=373318 depth=0 event=Apply(Entry { input: Input { source: Wifi, session: 45608403140647, seq: 179, expires_ms: 373377, command: Reverse }, order: 422, received_ms: 373301 })
RX src=Wifi session=45608403140647 seq=180 cmd=Forward rx_ms=373357 expires_ms=373481 order=423 depth=1 status=Queued
OUT at_ms=373365 depth=0 event=Apply(Entry { input: Input { source: Wifi, session: 45608403140647, seq: 180, expires_ms: 373481, command: Forward }, order: 423, received_ms: 373357 })
RX src=Wifi session=45608403140647 seq=181 cmd=Reverse rx_ms=373429 expires_ms=373539 order=424 depth=1 status=Queued
OUT at_ms=373433 depth=0 event=Apply(Entry { input: Input { source: Wifi, session: 45608403140647, seq: 181, expires_ms: 373539, command: Reverse }, order: 424, received_ms: 373429 })
RX src=Wifi session=45608403140647 seq=182 cmd=Forward rx_ms=373506 expires_ms=373608 order=425 depth=1 status=Queued
OUT at_ms=373514 depth=0 event=Apply(Entry { input: Input { source: Wifi, session: 45608403140647, seq: 182, expires_ms: 373608, command: Forward }, order: 425, received_ms: 373506 })
RX src=Wifi session=45608403140647 seq=183 cmd=Reverse rx_ms=373605 expires_ms=373686 order=426 depth=1 status=Queued
OUT at_ms=373622 depth=0 event=Apply(Entry { input: Input { source: Wifi, session: 45608403140647, seq: 183, expires_ms: 373686, command: Reverse }, order: 426, received_ms: 373605 })
RX src=Wifi session=45608403140647 seq=184 cmd=Forward rx_ms=373711 expires_ms=373787 order=427 depth=1 status=Queued
OUT at_ms=373727 depth=0 event=Apply(Entry { input: Input { source: Wifi, session: 45608403140647, seq: 184, expires_ms: 373787, command: Forward }, order: 427, received_ms: 373711 })
RX src=Wifi session=45608403140647 seq=185 cmd=Reverse rx_ms=373767 expires_ms=373890 order=428 depth=1 status=Queued
OUT at_ms=373774 depth=0 event=Apply(Entry { input: Input { source: Wifi, session: 45608403140647, seq: 185, expires_ms: 373890, command: Reverse }, order: 428, received_ms: 373767 })
RX src=Wifi session=45608403140647 seq=186 cmd=Forward rx_ms=373838 expires_ms=373949 order=429 depth=1 status=Queued
OUT at_ms=373842 depth=0 event=Apply(Entry { input: Input { source: Wifi, session: 45608403140647, seq: 186, expires_ms: 373949, command: Forward }, order: 429, received_ms: 373838 })
RX src=Wifi session=45608403140647 seq=187 cmd=Reverse rx_ms=373913 expires_ms=374018 order=430 depth=1 status=Queued
OUT at_ms=373926 depth=0 event=Apply(Entry { input: Input { source: Wifi, session: 45608403140647, seq: 187, expires_ms: 374018, command: Reverse }, order: 430, received_ms: 373913 })
RX src=Wifi session=45608403140647 seq=188 cmd=Forward rx_ms=374014 expires_ms=374094 order=431 depth=1 status=Queued
OUT at_ms=374033 depth=0 event=Apply(Entry { input: Input { source: Wifi, session: 45608403140647, seq: 188, expires_ms: 374094, command: Forward }, order: 431, received_ms: 374014 })
RX src=Wifi session=45608403140647 seq=189 cmd=Reverse rx_ms=374120 expires_ms=374196 order=432 depth=1 status=Queued
OUT at_ms=374138 depth=0 event=Apply(Entry { input: Input { source: Wifi, session: 45608403140647, seq: 189, expires_ms: 374196, command: Reverse }, order: 432, received_ms: 374120 })
RX src=Wifi session=45608403140647 seq=190 cmd=Forward rx_ms=374177 expires_ms=374300 order=433 depth=1 status=Queued
OUT at_ms=374184 depth=0 event=Apply(Entry { input: Input { source: Wifi, session: 45608403140647, seq: 190, expires_ms: 374300, command: Forward }, order: 433, received_ms: 374177 })
RX src=Wifi session=45608403140647 seq=191 cmd=Reverse rx_ms=374248 expires_ms=374358 order=434 depth=1 status=Queued
OUT at_ms=374253 depth=0 event=Apply(Entry { input: Input { source: Wifi, session: 45608403140647, seq: 191, expires_ms: 374358, command: Reverse }, order: 434, received_ms: 374248 })
RX src=Wifi session=45608403140647 seq=192 cmd=Forward rx_ms=374325 expires_ms=374428 order=435 depth=1 status=Queued
OUT at_ms=374336 depth=0 event=Apply(Entry { input: Input { source: Wifi, session: 45608403140647, seq: 192, expires_ms: 374428, command: Forward }, order: 435, received_ms: 374325 })
RX src=Wifi session=45608403140647 seq=193 cmd=Reverse rx_ms=374424 expires_ms=374506 order=436 depth=1 status=Queued
OUT at_ms=374442 depth=0 event=Apply(Entry { input: Input { source: Wifi, session: 45608403140647, seq: 193, expires_ms: 374506, command: Reverse }, order: 436, received_ms: 374424 })
RX src=Wifi session=45608403140647 seq=194 cmd=Forward rx_ms=374530 expires_ms=374606 order=437 depth=1 status=Queued
OUT at_ms=374548 depth=0 event=Apply(Entry { input: Input { source: Wifi, session: 45608403140647, seq: 194, expires_ms: 374606, command: Forward }, order: 437, received_ms: 374530 })
RX src=Wifi session=45608403140647 seq=195 cmd=Reverse rx_ms=374586 expires_ms=374710 order=438 depth=1 status=Queued
OUT at_ms=374593 depth=0 event=Apply(Entry { input: Input { source: Wifi, session: 45608403140647, seq: 195, expires_ms: 374710, command: Reverse }, order: 438, received_ms: 374586 })
RX src=Wifi session=45608403140647 seq=196 cmd=Forward rx_ms=374658 expires_ms=374769 order=439 depth=1 status=Queued
OUT at_ms=374662 depth=0 event=Apply(Entry { input: Input { source: Wifi, session: 45608403140647, seq: 196, expires_ms: 374769, command: Forward }, order: 439, received_ms: 374658 })
RX src=Wifi session=45608403140647 seq=197 cmd=Reverse rx_ms=374734 expires_ms=374837 order=440 depth=1 status=Queued
OUT at_ms=374745 depth=0 event=Apply(Entry { input: Input { source: Wifi, session: 45608403140647, seq: 197, expires_ms: 374837, command: Reverse }, order: 440, received_ms: 374734 })
RX src=Wifi session=45608403140647 seq=198 cmd=Forward rx_ms=374833 expires_ms=374915 order=441 depth=1 status=Queued
OUT at_ms=374852 depth=0 event=Apply(Entry { input: Input { source: Wifi, session: 45608403140647, seq: 198, expires_ms: 374915, command: Forward }, order: 441, received_ms: 374833 })
RX src=Wifi session=45608403140647 seq=199 cmd=Reverse rx_ms=374940 expires_ms=375017 order=442 depth=1 status=Queued
OUT at_ms=374958 depth=0 event=Apply(Entry { input: Input { source: Wifi, session: 45608403140647, seq: 199, expires_ms: 375017, command: Reverse }, order: 442, received_ms: 374940 })
RX src=Wifi session=45608403140647 seq=200 cmd=Forward rx_ms=374995 expires_ms=375119 order=443 depth=1 status=Queued
OUT at_ms=375003 depth=0 event=Apply(Entry { input: Input { source: Wifi, session: 45608403140647, seq: 200, expires_ms: 375119, command: Forward }, order: 443, received_ms: 374995 })
RX src=Wifi session=45608403140647 seq=201 cmd=Reverse rx_ms=375067 expires_ms=375178 order=444 depth=1 status=Queued
OUT at_ms=375071 depth=0 event=Apply(Entry { input: Input { source: Wifi, session: 45608403140647, seq: 201, expires_ms: 375178, command: Reverse }, order: 444, received_ms: 375067 })
DISCONNECT src=Wifi session=45608403140647 at_ms=375150
OUT at_ms=375154 depth=0 event=Safety { reason: Disconnect(Wifi), at_ms: 375150, purged: 0, entry: None }
