[2026-10-04T18:14:24Z INFO ] 🚀 A new version of espflash is available: v4.6.0
[2026-10-04T18:14:24Z INFO ] Serial port: '/dev/ttyACM0'
[2026-10-04T18:14:24Z INFO ] Connecting...
[2026-10-04T18:14:24Z INFO ] Using flash stub
ESP-ROM:esp32s3-20210327
Build:Mar 27 2021
rst:0x1 (POWERON),boot:0x8 (SPI_FAST_FLASH_BOOT)
SPIWP:0xee
mode:DIO, clock div:2
load:0x3fce2820,len:0x158c
load:0x403c8700,len:0xd24
load:0x403cb700,len:0x2f34
entry 0x403c8924
I (29) boot: ESP-IDF v5.5.1-838-gd66ebb86d2e 2nd stage bootloader
I (30) boot: compile time Nov 26 2025 12:27:56
I (30) boot: Multicore bootloader
I (31) boot: chip revision: v0.2
I (34) boot: efuse block revision: v1.4
I (38) boot.esp32s3: Boot SPI Speed : 40MHz
I (42) boot.esp32s3: SPI Mode       : DIO
I (45) boot.esp32s3: SPI Flash Size : 16MB
I (49) boot: Enabling RNG early entropy source...
I (54) boot: Partition Table:
I (56) boot: ## Label            Usage          Type ST Offset   Length
I (63) boot:  0 nvs              WiFi data        01 02 00009000 00006000
I (69) boot:  1 phy_init         RF data          01 01 0000f000 00001000
I (76) boot:  2 factory          factory app      00 00 00010000 00fa0000
I (82) boot: End of partition table
I (86) esp_image: segment 0: paddr=00010020 vaddr=3c000020 size=1774ch ( 96076) map
I (116) esp_image: segment 1: paddr=00027774 vaddr=3fc97958 size=04c10h ( 19472) load
I (122) esp_image: segment 2: paddr=0002c38c vaddr=40378000 size=03c8ch ( 15500) load
I (127) esp_image: segment 3: paddr=00030020 vaddr=42020020 size=7bbd0h (506832) map
I (252) esp_image: segment 4: paddr=000abbf8 vaddr=4037bc8c size=0bccch ( 48332) load
I (273) boot: Loaded app from partition at offset 0x10000
I (273) boot: Disabling RNG early entropy source...
M3 board-only AP=Rovi M3 ip=192.168.4.1:7777 WPA2 channel=1 watchdog_ms=10000 max_age_ms=250 consumer_ms=20 capacity=8
BLE advertising at_ms=932
CONNECT src=Ble session=107572945747969 at_ms=7548
RX src=Ble session=107572945747969 seq=1 cmd=Forward rx_ms=8791 expires_ms=9041 order=1 depth=1 status=Queued
OUT at_ms=8803 depth=0 event=Apply(Entry { input: Input { source: Ble, session: 107572945747969, seq: 1, expires_ms: 9041, command: Forward }, order: 1, received_ms: 8791 })
RX src=Ble session=107572945747969 seq=2 cmd=Reverse rx_ms=9061 expires_ms=9311 order=2 depth=1 status=Queued
OUT at_ms=9068 depth=0 event=Apply(Entry { input: Input { source: Ble, session: 107572945747969, seq: 2, expires_ms: 9311, command: Reverse }, order: 2, received_ms: 9061 })
RX src=Ble session=107572945747969 seq=3 cmd=Ping rx_ms=9331 expires_ms=9581 order=3 depth=0 status=Ping
RX src=Ble session=107572945747969 seq=4 cmd=Stop rx_ms=9601 expires_ms=9851 order=4 depth=0 status=Stop
OUT at_ms=9606 depth=0 event=Safety { reason: Stop, at_ms: 9601, purged: 0, entry: Some(Entry { input: Input { source: Ble, session: 107572945747969, seq: 4, expires_ms: 9851, command: Stop }, order: 4, received_ms: 9601 }) }
RX src=Ble session=107572945747969 seq=5 cmd=Forward rx_ms=9871 expires_ms=10121 order=5 depth=1 status=Queued
OUT at_ms=9871 depth=0 event=Apply(Entry { input: Input { source: Ble, session: 107572945747969, seq: 5, expires_ms: 10121, command: Forward }, order: 5, received_ms: 9871 })
INVALID src=Ble at_ms=10141
INVALID src=Ble at_ms=10411
RX src=Ble session=107572945747969 seq=6 cmd=Ping rx_ms=10681 expires_ms=10931 order=6 depth=0 status=Ping
DISCONNECT src=Ble session=107572945747969 at_ms=13021
BLE advertising at_ms=13021
OUT at_ms=13024 depth=0 event=Safety { reason: Disconnect(Ble), at_ms: 13021, purged: 0, entry: None }
CONNECT src=Ble session=107572945747970 at_ms=21438
RX src=Ble session=107572945747970 seq=1 cmd=Forward rx_ms=21931 expires_ms=22181 order=7 depth=1 status=Queued
OUT at_ms=21948 depth=0 event=Apply(Entry { input: Input { source: Ble, session: 107572945747970, seq: 1, expires_ms: 22181, command: Forward }, order: 7, received_ms: 21931 })
OUT at_ms=31940 depth=0 event=Safety { reason: Timeout(Ble), at_ms: 31940, purged: 0, entry: None }
DISCONNECT src=Ble session=107572945747970 at_ms=31946
BLE advertising at_ms=31946
CONNECT src=Ble session=107572945747971 at_ms=36234
RX src=Ble session=107572945747971 seq=1 cmd=Reverse rx_ms=36691 expires_ms=36941 order=8 depth=1 status=Queued
OUT at_ms=36693 depth=0 event=Apply(Entry { input: Input { source: Ble, session: 107572945747971, seq: 1, expires_ms: 36941, command: Reverse }, order: 8, received_ms: 36691 })
RX src=Ble session=107572945747971 seq=2 cmd=Stop rx_ms=36961 expires_ms=37211 order=9 depth=0 status=Stop
OUT at_ms=36966 depth=0 event=Safety { reason: Stop, at_ms: 36961, purged: 0, entry: Some(Entry { input: Input { source: Ble, session: 107572945747971, seq: 2, expires_ms: 37211, command: Stop }, order: 9, received_ms: 36961 }) }
DISCONNECT src=Ble session=107572945747971 at_ms=38986
BLE advertising at_ms=38986
OUT at_ms=38987 depth=0 event=Safety { reason: Disconnect(Ble), at_ms: 38986, purged: 0, entry: None }
Terminated                 espflash monitor --non-interactive --port /dev/ttyACM0
