CONNECT src=Wifi session=199940270129153 at_ms=3599
RX src=Wifi session=199940270129153 seq=1 cmd=Ping rx_ms=3604 expires_ms=6099 order=1 depth=0 status=Ping
RX src=Wifi session=199940270129153 seq=2 cmd=Forward rx_ms=3658 expires_ms=6157 order=2 depth=1 status=Queued
RX src=Wifi session=199940270129153 seq=3 cmd=Forward rx_ms=3661 expires_ms=6157 order=3 depth=2 status=Queued
RX src=Wifi session=199940270129153 seq=4 cmd=Forward rx_ms=3669 expires_ms=6157 order=4 depth=3 status=Queued
RX src=Wifi session=199940270129153 seq=5 cmd=Forward rx_ms=3678 expires_ms=6157 order=5 depth=4 status=Queued
RX src=Wifi session=199940270129153 seq=6 cmd=Forward rx_ms=3687 expires_ms=6157 order=6 depth=5 status=Queued
RX src=Wifi session=199940270129153 seq=7 cmd=Forward rx_ms=3699 expires_ms=6157 order=7 depth=6 status=Queued
RX src=Wifi session=199940270129153 seq=8 cmd=Forward rx_ms=3707 expires_ms=6157 order=8 depth=7 status=Queued
RX src=Wifi session=199940270129153 seq=9 cmd=Forward rx_ms=3716 expires_ms=6157 order=9 depth=8 status=Queued
RX src=Wifi session=199940270129153 seq=10 cmd=Forward rx_ms=3725 expires_ms=6157 order=0 depth=8 status=Full
RX src=Wifi session=199940270129153 seq=11 cmd=Forward rx_ms=3735 expires_ms=6157 order=0 depth=8 status=Full
RX src=Wifi session=199940270129153 seq=12 cmd=Forward rx_ms=3746 expires_ms=6157 order=0 depth=8 status=Full
RX src=Wifi session=199940270129153 seq=13 cmd=Forward rx_ms=3756 expires_ms=6157 order=0 depth=8 status=Full
RX src=Wifi session=199940270129153 seq=14 cmd=Forward rx_ms=3764 expires_ms=6157 order=0 depth=8 status=Full
RX src=Wifi session=199940270129153 seq=15 cmd=Forward rx_ms=3774 expires_ms=6157 order=0 depth=8 status=Full
RX src=Wifi session=199940270129153 seq=16 cmd=Forward rx_ms=3783 expires_ms=6157 order=0 depth=8 status=Full
RX src=Wifi session=199940270129153 seq=17 cmd=Forward rx_ms=3792 expires_ms=6157 order=0 depth=8 status=Full
RX src=Wifi session=199940270129153 seq=18 cmd=Forward rx_ms=3802 expires_ms=6157 order=0 depth=8 status=Full
RX src=Wifi session=199940270129153 seq=19 cmd=Forward rx_ms=3811 expires_ms=6157 order=0 depth=8 status=Full
RX src=Wifi session=199940270129153 seq=20 cmd=Forward rx_ms=3821 expires_ms=6157 order=0 depth=8 status=Full
RX src=Wifi session=199940270129153 seq=21 cmd=Forward rx_ms=3833 expires_ms=6157 order=0 depth=8 status=Full
RX src=Wifi session=199940270129153 seq=22 cmd=Forward rx_ms=3842 expires_ms=6157 order=0 depth=8 status=Full
RX src=Wifi session=199940270129153 seq=23 cmd=Forward rx_ms=3851 expires_ms=6157 order=0 depth=8 status=Full
RX src=Wifi session=199940270129153 seq=24 cmd=Forward rx_ms=3861 expires_ms=6157 order=0 depth=8 status=Full
RX src=Wifi session=199940270129153 seq=25 cmd=Forward rx_ms=3870 expires_ms=6157 order=0 depth=8 status=Full
RX src=Wifi session=199940270129153 seq=26 cmd=Forward rx_ms=3880 expires_ms=6157 order=0 depth=8 status=Full
RX src=Wifi session=199940270129153 seq=27 cmd=Forward rx_ms=3889 expires_ms=6157 order=0 depth=8 status=Full
RX src=Wifi session=199940270129153 seq=28 cmd=Forward rx_ms=3898 expires_ms=6157 order=0 depth=8 status=Full
RX src=Wifi session=199940270129153 seq=29 cmd=Forward rx_ms=3909 expires_ms=6157 order=0 depth=8 status=Full
RX src=Wifi session=199940270129153 seq=30 cmd=Forward rx_ms=3916 expires_ms=6157 order=0 depth=8 status=Full
RX src=Wifi session=199940270129153 seq=31 cmd=Forward rx_ms=3926 expires_ms=6157 order=0 depth=8 status=Full
RX src=Wifi session=199940270129153 seq=32 cmd=Forward rx_ms=3935 expires_ms=6157 order=0 depth=8 status=Full
RX src=Wifi session=199940270129153 seq=33 cmd=Forward rx_ms=3948 expires_ms=6157 order=0 depth=8 status=Full
RX src=Wifi session=199940270129153 seq=34 cmd=Forward rx_ms=3954 expires_ms=6157 order=0 depth=8 status=Full
RX src=Wifi session=199940270129153 seq=35 cmd=Forward rx_ms=3964 expires_ms=6157 order=0 depth=8 status=Full
RX src=Wifi session=199940270129153 seq=36 cmd=Forward rx_ms=3973 expires_ms=6157 order=0 depth=8 status=Full
RX src=Wifi session=199940270129153 seq=37 cmd=Forward rx_ms=3984 expires_ms=6157 order=0 depth=8 status=Full
RX src=Wifi session=199940270129153 seq=38 cmd=Forward rx_ms=3993 expires_ms=6157 order=0 depth=8 status=Full
RX src=Wifi session=199940270129153 seq=39 cmd=Forward rx_ms=4003 expires_ms=6157 order=0 depth=8 status=Full
RX src=Wifi session=199940270129153 seq=40 cmd=Forward rx_ms=4012 expires_ms=6157 order=0 depth=8 status=Full
RX src=Wifi session=199940270129153 seq=41 cmd=Forward rx_ms=4021 expires_ms=6157 order=0 depth=8 status=Full
RX src=Wifi session=199940270129153 seq=42 cmd=Forward rx_ms=4031 expires_ms=6157 order=0 depth=8 status=Full
RX src=Wifi session=199940270129153 seq=43 cmd=Forward rx_ms=4042 expires_ms=6157 order=0 depth=8 status=Full
RX src=Wifi session=199940270129153 seq=44 cmd=Forward rx_ms=4052 expires_ms=6157 order=0 depth=8 status=Full
RX src=Wifi session=199940270129153 seq=45 cmd=Forward rx_ms=4061 expires_ms=6157 order=0 depth=8 status=Full
RX src=Wifi session=199940270129153 seq=46 cmd=Forward rx_ms=4071 expires_ms=6157 order=0 depth=8 status=Full
RX src=Wifi session=199940270129153 seq=47 cmd=Forward rx_ms=4080 expires_ms=6157 order=0 depth=8 status=Full
RX src=Wifi session=199940270129153 seq=48 cmd=Forward rx_ms=4090 expires_ms=6157 order=0 depth=8 status=Full
RX src=Wifi session=199940270129153 seq=49 cmd=Forward rx_ms=4098 expires_ms=6157 order=0 depth=8 status=Full
RX src=Wifi session=199940270129153 seq=50 cmd=Forward rx_ms=4108 expires_ms=6157 order=0 depth=8 status=Full
RX src=Wifi session=199940270129153 seq=51 cmd=Forward rx_ms=4117 expires_ms=6157 order=0 depth=8 status=Full
RX src=Wifi session=199940270129153 seq=52 cmd=Forward rx_ms=4127 expires_ms=6157 order=0 depth=8 status=Full
RX src=Wifi session=199940270129153 seq=53 cmd=Forward rx_ms=4139 expires_ms=6157 order=0 depth=8 status=Full
RX src=Wifi session=199940270129153 seq=54 cmd=Forward rx_ms=4147 expires_ms=6157 order=0 depth=8 status=Full
RX src=Wifi session=199940270129153 seq=55 cmd=Forward rx_ms=4156 expires_ms=6157 order=0 depth=8 status=Full
RX src=Wifi session=199940270129153 seq=56 cmd=Forward rx_ms=4166 expires_ms=6157 order=0 depth=8 status=Full
RX src=Wifi session=199940270129153 seq=57 cmd=Forward rx_ms=4176 expires_ms=6157 order=0 depth=8 status=Full
RX src=Wifi session=199940270129153 seq=58 cmd=Forward rx_ms=4184 expires_ms=6157 order=0 depth=8 status=Full
RX src=Wifi session=199940270129153 seq=59 cmd=Forward rx_ms=4193 expires_ms=6157 order=0 depth=8 status=Full
RX src=Wifi session=199940270129153 seq=60 cmd=Forward rx_ms=4203 expires_ms=6157 order=0 depth=8 status=Full
RX src=Wifi session=199940270129153 seq=61 cmd=Forward rx_ms=4213 expires_ms=6157 order=0 depth=8 status=Full
RX src=Wifi session=199940270129153 seq=62 cmd=Forward rx_ms=4222 expires_ms=6157 order=0 depth=8 status=Full
RX src=Wifi session=199940270129153 seq=63 cmd=Forward rx_ms=4232 expires_ms=6157 order=0 depth=8 status=Full
RX src=Wifi session=199940270129153 seq=64 cmd=Forward rx_ms=4242 expires_ms=6157 order=0 depth=8 status=Full
RX src=Wifi session=199940270129153 seq=65 cmd=Forward rx_ms=4253 expires_ms=6157 order=0 depth=8 status=Full
RX src=Wifi session=199940270129153 seq=66 cmd=Forward rx_ms=4262 expires_ms=6157 order=0 depth=8 status=Full
RX src=Wifi session=199940270129153 seq=67 cmd=Forward rx_ms=4271 expires_ms=6157 order=0 depth=8 status=Full
RX src=Wifi session=199940270129153 seq=68 cmd=Forward rx_ms=4281 expires_ms=6157 order=0 depth=8 status=Full
RX src=Wifi session=199940270129153 seq=69 cmd=Forward rx_ms=4291 expires_ms=6157 order=0 depth=8 status=Full
RX src=Wifi session=199940270129153 seq=70 cmd=Forward rx_ms=4300 expires_ms=6157 order=0 depth=8 status=Full
RX src=Wifi session=199940270129153 seq=71 cmd=Forward rx_ms=4309 expires_ms=6157 order=0 depth=8 status=Full
RX src=Wifi session=199940270129153 seq=72 cmd=Forward rx_ms=4319 expires_ms=6157 order=0 depth=8 status=Full
RX src=Wifi session=199940270129153 seq=73 cmd=Forward rx_ms=4327 expires_ms=6157 order=0 depth=8 status=Full
RX src=Wifi session=199940270129153 seq=74 cmd=Forward rx_ms=4336 expires_ms=6157 order=0 depth=8 status=Full
RX src=Wifi session=199940270129153 seq=75 cmd=Forward rx_ms=4346 expires_ms=6157 order=0 depth=8 status=Full
RX src=Wifi session=199940270129153 seq=76 cmd=Forward rx_ms=4355 expires_ms=6157 order=0 depth=8 status=Full
RX src=Wifi session=199940270129153 seq=77 cmd=Forward rx_ms=4366 expires_ms=6157 order=0 depth=8 status=Full
RX src=Wifi session=199940270129153 seq=78 cmd=Forward rx_ms=4376 expires_ms=6157 order=0 depth=8 status=Full
RX src=Wifi session=199940270129153 seq=79 cmd=Forward rx_ms=4386 expires_ms=6157 order=0 depth=8 status=Full
RX src=Wifi session=199940270129153 seq=80 cmd=Forward rx_ms=4395 expires_ms=6157 order=0 depth=8 status=Full
RX src=Wifi session=199940270129153 seq=81 cmd=Forward rx_ms=4403 expires_ms=6157 order=0 depth=8 status=Full
RX src=Wifi session=199940270129153 seq=82 cmd=Forward rx_ms=4413 expires_ms=6157 order=0 depth=8 status=Full
RX src=Wifi session=199940270129153 seq=83 cmd=Forward rx_ms=4423 expires_ms=6157 order=0 depth=8 status=Full
RX src=Wifi session=199940270129153 seq=84 cmd=Forward rx_ms=4432 expires_ms=6157 order=0 depth=8 status=Full
RX src=Wifi session=199940270129153 seq=85 cmd=Forward rx_ms=4441 expires_ms=6157 order=0 depth=8 status=Full
RX src=Wifi session=199940270129153 seq=86 cmd=Forward rx_ms=4452 expires_ms=6157 order=0 depth=8 status=Full
RX src=Wifi session=199940270129153 seq=87 cmd=Forward rx_ms=4463 expires_ms=6157 order=0 depth=8 status=Full
RX src=Wifi session=199940270129153 seq=88 cmd=Forward rx_ms=4472 expires_ms=6157 order=0 depth=8 status=Full
RX src=Wifi session=199940270129153 seq=89 cmd=Forward rx_ms=4482 expires_ms=6157 order=0 depth=8 status=Full
RX src=Wifi session=199940270129153 seq=90 cmd=Forward rx_ms=4491 expires_ms=6157 order=0 depth=8 status=Full
RX src=Wifi session=199940270129153 seq=91 cmd=Forward rx_ms=4500 expires_ms=6157 order=0 depth=8 status=Full
RX src=Wifi session=199940270129153 seq=92 cmd=Forward rx_ms=4508 expires_ms=6157 order=0 depth=8 status=Full
RX src=Wifi session=199940270129153 seq=93 cmd=Forward rx_ms=4518 expires_ms=6157 order=0 depth=8 status=Full
RX src=Wifi session=199940270129153 seq=94 cmd=Forward rx_ms=4528 expires_ms=6157 order=0 depth=8 status=Full
RX src=Wifi session=199940270129153 seq=95 cmd=Forward rx_ms=4537 expires_ms=6157 order=0 depth=8 status=Full
RX src=Wifi session=199940270129153 seq=96 cmd=Forward rx_ms=4550 expires_ms=6157 order=0 depth=8 status=Full
RX src=Wifi session=199940270129153 seq=97 cmd=Forward rx_ms=4558 expires_ms=6157 order=0 depth=8 status=Full
RX src=Wifi session=199940270129153 seq=98 cmd=Forward rx_ms=4567 expires_ms=6157 order=0 depth=8 status=Full
RX src=Wifi session=199940270129153 seq=99 cmd=Forward rx_ms=4577 expires_ms=6157 order=0 depth=8 status=Full
RX src=Wifi session=199940270129153 seq=100 cmd=Forward rx_ms=4587 expires_ms=6157 order=0 depth=8 status=Full
RX src=Wifi session=199940270129153 seq=101 cmd=Forward rx_ms=4596 expires_ms=6157 order=0 depth=8 status=Full
OUT at_ms=4725 depth=0 event=Safety { reason: Timeout(Wifi), at_ms: 4725, purged: 8, entry: None }
DISCONNECT src=Wifi session=199940270129153 at_ms=4726
