CONNECT src=Wifi session=199940270129159 at_ms=41250
RX src=Wifi session=199940270129159 seq=1 cmd=Ping rx_ms=41255 expires_ms=43750 order=60 depth=0 status=Ping
RX src=Wifi session=199940270129159 seq=2 cmd=Forward rx_ms=41280 expires_ms=43778 order=61 depth=1 status=Queued
RX src=Wifi session=199940270129159 seq=3 cmd=Forward rx_ms=41285 expires_ms=43784 order=62 depth=2 status=Queued
RX src=Wifi session=199940270129159 seq=4 cmd=Forward rx_ms=41293 expires_ms=43792 order=63 depth=3 status=Queued
RX src=Wifi session=199940270129159 seq=5 cmd=Forward rx_ms=41306 expires_ms=43802 order=64 depth=4 status=Queued
RX src=Wifi session=199940270129159 seq=6 cmd=Forward rx_ms=41348 expires_ms=43812 order=65 depth=5 status=Queued
RX src=Wifi session=199940270129159 seq=7 cmd=Forward rx_ms=41352 expires_ms=43852 order=66 depth=6 status=Queued
RX src=Wifi session=199940270129159 seq=8 cmd=Forward rx_ms=41379 expires_ms=43878 order=67 depth=7 status=Queued
RX src=Wifi session=199940270129159 seq=9 cmd=Forward rx_ms=41383 expires_ms=43883 order=68 depth=8 status=Queued
RX src=Wifi session=199940270129159 seq=10 cmd=Ping rx_ms=41393 expires_ms=43892 order=69 depth=8 status=Ping
RX src=Wifi session=199940270129159 seq=11 cmd=Ping rx_ms=41403 expires_ms=43902 order=70 depth=8 status=Ping
RX src=Wifi session=199940270129159 seq=12 cmd=Ping rx_ms=41655 expires_ms=44111 order=71 depth=8 status=Ping
RX src=Wifi session=199940270129159 seq=13 cmd=Ping rx_ms=41862 expires_ms=44360 order=72 depth=8 status=Ping
RX src=Wifi session=199940270129159 seq=14 cmd=Ping rx_ms=42070 expires_ms=44566 order=73 depth=8 status=Ping
RX src=Wifi session=199940270129159 seq=15 cmd=Ping rx_ms=42279 expires_ms=44774 order=74 depth=8 status=Ping
RX src=Wifi session=199940270129159 seq=16 cmd=Ping rx_ms=42503 expires_ms=45000 order=75 depth=8 status=Ping
RX src=Wifi session=199940270129159 seq=17 cmd=Ping rx_ms=42709 expires_ms=45207 order=76 depth=8 status=Ping
RX src=Wifi session=199940270129159 seq=18 cmd=Ping rx_ms=42915 expires_ms=45413 order=77 depth=8 status=Ping
RX src=Wifi session=199940270129159 seq=19 cmd=Ping rx_ms=43120 expires_ms=45619 order=78 depth=8 status=Ping
RX src=Wifi session=199940270129159 seq=20 cmd=Ping rx_ms=43326 expires_ms=45824 order=79 depth=8 status=Ping
RX src=Wifi session=199940270129159 seq=21 cmd=Ping rx_ms=43532 expires_ms=46030 order=80 depth=8 status=Ping
RX src=Wifi session=199940270129159 seq=22 cmd=Ping rx_ms=43738 expires_ms=46236 order=81 depth=8 status=Ping
RX src=Wifi session=199940270129159 seq=23 cmd=Ping rx_ms=43943 expires_ms=46442 order=82 depth=8 status=Ping
RX src=Wifi session=199940270129159 seq=24 cmd=Ping rx_ms=44149 expires_ms=46647 order=83 depth=8 status=Ping
RX src=Wifi session=199940270129159 seq=25 cmd=Ping rx_ms=44356 expires_ms=46854 order=84 depth=8 status=Ping
RX src=Wifi session=199940270129159 seq=26 cmd=Ping rx_ms=44562 expires_ms=47060 order=85 depth=8 status=Ping
RX src=Wifi session=199940270129159 seq=27 cmd=Ping rx_ms=44767 expires_ms=47266 order=86 depth=8 status=Ping
RX src=Wifi session=199940270129159 seq=28 cmd=Ping rx_ms=44976 expires_ms=47471 order=87 depth=8 status=Ping
RX src=Wifi session=199940270129159 seq=29 cmd=Ping rx_ms=45181 expires_ms=47680 order=88 depth=8 status=Ping
RX src=Wifi session=199940270129159 seq=30 cmd=Ping rx_ms=45391 expires_ms=47885 order=89 depth=8 status=Ping
RX src=Wifi session=199940270129159 seq=31 cmd=Ping rx_ms=45599 expires_ms=48095 order=90 depth=8 status=Ping
RX src=Wifi session=199940270129159 seq=32 cmd=Ping rx_ms=45806 expires_ms=48303 order=91 depth=8 status=Ping
OUT at_ms=45990 depth=7 event=Stale(Entry { input: Input { source: Wifi, session: 199940270129159, seq: 2, expires_ms: 43778, command: Forward }, order: 61, received_ms: 41280 })
RX src=Wifi session=199940270129159 seq=33 cmd=Ping rx_ms=46017 expires_ms=48514 order=92 depth=7 status=Ping
RX src=Wifi session=199940270129159 seq=34 cmd=Ping rx_ms=46225 expires_ms=48721 order=93 depth=7 status=Ping
RX src=Wifi session=199940270129159 seq=35 cmd=Ping rx_ms=46473 expires_ms=48968 order=94 depth=7 status=Ping
RX src=Wifi session=199940270129159 seq=36 cmd=Ping rx_ms=46678 expires_ms=49177 order=95 depth=7 status=Ping
RX src=Wifi session=199940270129159 seq=37 cmd=Ping rx_ms=46883 expires_ms=49382 order=96 depth=7 status=Ping
RX src=Wifi session=199940270129159 seq=38 cmd=Ping rx_ms=47088 expires_ms=49587 order=97 depth=7 status=Ping
RX src=Wifi session=199940270129159 seq=39 cmd=Ping rx_ms=47293 expires_ms=49792 order=98 depth=7 status=Ping
RX src=Wifi session=199940270129159 seq=40 cmd=Ping rx_ms=47498 expires_ms=49997 order=99 depth=7 status=Ping
RX src=Wifi session=199940270129159 seq=41 cmd=Ping rx_ms=47703 expires_ms=50201 order=100 depth=7 status=Ping
RX src=Wifi session=199940270129159 seq=42 cmd=Ping rx_ms=47963 expires_ms=50407 order=101 depth=7 status=Ping
RX src=Wifi session=199940270129159 seq=43 cmd=Ping rx_ms=48178 expires_ms=50668 order=102 depth=7 status=Ping
RX src=Wifi session=199940270129159 seq=44 cmd=Ping rx_ms=48387 expires_ms=50882 order=103 depth=7 status=Ping
RX src=Wifi session=199940270129159 seq=45 cmd=Ping rx_ms=48592 expires_ms=51091 order=104 depth=7 status=Ping
RX src=Wifi session=199940270129159 seq=46 cmd=Ping rx_ms=48802 expires_ms=51296 order=105 depth=7 status=Ping
RX src=Wifi session=199940270129159 seq=47 cmd=Ping rx_ms=49007 expires_ms=51505 order=106 depth=7 status=Ping
RX src=Wifi session=199940270129159 seq=48 cmd=Ping rx_ms=49213 expires_ms=51711 order=107 depth=7 status=Ping
RX src=Wifi session=199940270129159 seq=49 cmd=Ping rx_ms=49418 expires_ms=51917 order=108 depth=7 status=Ping
RX src=Wifi session=199940270129159 seq=50 cmd=Ping rx_ms=49626 expires_ms=52122 order=109 depth=7 status=Ping
RX src=Wifi session=199940270129159 seq=51 cmd=Ping rx_ms=49836 expires_ms=52330 order=110 depth=7 status=Ping
RX src=Wifi session=199940270129159 seq=52 cmd=Ping rx_ms=50044 expires_ms=52540 order=111 depth=7 status=Ping
RX src=Wifi session=199940270129159 seq=53 cmd=Ping rx_ms=50251 expires_ms=52748 order=112 depth=7 status=Ping
RX src=Wifi session=199940270129159 seq=54 cmd=Ping rx_ms=50460 expires_ms=52955 order=113 depth=7 status=Ping
RX src=Wifi session=199940270129159 seq=55 cmd=Ping rx_ms=50670 expires_ms=53164 order=114 depth=7 status=Ping
RX src=Wifi session=199940270129159 seq=56 cmd=Ping rx_ms=50876 expires_ms=53374 order=115 depth=7 status=Ping
OUT at_ms=50994 depth=6 event=Stale(Entry { input: Input { source: Wifi, session: 199940270129159, seq: 3, expires_ms: 43784, command: Forward }, order: 62, received_ms: 41285 })
RX src=Wifi session=199940270129159 seq=57 cmd=Ping rx_ms=51082 expires_ms=53580 order=116 depth=6 status=Ping
RX src=Wifi session=199940270129159 seq=58 cmd=Ping rx_ms=51290 expires_ms=53786 order=117 depth=6 status=Ping
RX src=Wifi session=199940270129159 seq=59 cmd=Ping rx_ms=51548 expires_ms=54044 order=118 depth=6 status=Ping
RX src=Wifi session=199940270129159 seq=60 cmd=Ping rx_ms=51757 expires_ms=54252 order=119 depth=6 status=Ping
RX src=Wifi session=199940270129159 seq=61 cmd=Ping rx_ms=51966 expires_ms=54462 order=120 depth=6 status=Ping
RX src=Wifi session=199940270129159 seq=62 cmd=Ping rx_ms=52172 expires_ms=54670 order=121 depth=6 status=Ping
RX src=Wifi session=199940270129159 seq=63 cmd=Ping rx_ms=52380 expires_ms=54875 order=122 depth=6 status=Ping
RX src=Wifi session=199940270129159 seq=64 cmd=Ping rx_ms=52593 expires_ms=55084 order=123 depth=6 status=Ping
RX src=Wifi session=199940270129159 seq=65 cmd=Ping rx_ms=52800 expires_ms=55297 order=124 depth=6 status=Ping
RX src=Wifi session=199940270129159 seq=66 cmd=Ping rx_ms=53004 expires_ms=55503 order=125 depth=6 status=Ping
RX src=Wifi session=199940270129159 seq=67 cmd=Ping rx_ms=53213 expires_ms=55708 order=126 depth=6 status=Ping
RX src=Wifi session=199940270129159 seq=68 cmd=Ping rx_ms=53422 expires_ms=55917 order=127 depth=6 status=Ping
RX src=Wifi session=199940270129159 seq=69 cmd=Ping rx_ms=53630 expires_ms=56125 order=128 depth=6 status=Ping
RX src=Wifi session=199940270129159 seq=70 cmd=Ping rx_ms=53836 expires_ms=56334 order=129 depth=6 status=Ping
DISCONNECT src=Wifi session=199940270129159 at_ms=54047
OUT at_ms=54053 depth=0 event=Safety { reason: Disconnect(Wifi), at_ms: 54047, purged: 6, entry: None }
