[2026-10-04T18:28:05Z INFO ] 🚀 A new version of espflash is available: v4.6.0
[2026-10-04T18:28:05Z INFO ] Serial port: '/dev/ttyACM0'
[2026-10-04T18:28:05Z INFO ] Connecting...
[2026-10-04T18:28:06Z INFO ] Using flash stub
ESP-ROM:esp32s3-20210327
Build:Mar 27 2021
rst:0x1 (POWERON),boot:0x8 (SPI_FAST_FLASH_BOOT)
SPIWP:0xee
mode:DIO, clock div:2
load:0x3fce2820,len:0x158c
load:0x403c8700,len:0xd24
load:0x403cb700,len:0x2f34
entry 0x403c8924
I (29) boot: ESP-IDF v5.5.1-838-gd66ebb86d2e 2nd stage bootloader
I (30) boot: compile time Nov 26 2025 12:27:56
I (30) boot: Multicore bootloader
I (31) boot: chip revision: v0.2
I (34) boot: efuse block revision: v1.4
I (38) boot.esp32s3: Boot SPI Speed : 40MHz
I (42) boot.esp32s3: SPI Mode       : DIO
I (45) boot.esp32s3: SPI Flash Size : 16MB
I (49) boot: Enabling RNG early entropy source...
I (54) boot: Partition Table:
I (56) boot: ## Label            Usage          Type ST Offset   Length
I (63) boot:  0 nvs              WiFi data        01 02 00009000 00006000
I (69) boot:  1 phy_init         RF data          01 01 0000f000 00001000
I (76) boot:  2 factory          factory app      00 00 00010000 00fa0000
I (82) boot: End of partition table
I (86) esp_image: segment 0: paddr=00010020 vaddr=3c000020 size=176d4h ( 95956) map
I (116) esp_image: segment 1: paddr=000276fc vaddr=3fc97958 size=04c10h ( 19472) load
I (122) esp_image: segment 2: paddr=0002c314 vaddr=40378000 size=03d04h ( 15620) load
I (127) esp_image: segment 3: paddr=00030020 vaddr=42020020 size=7bab0h (506544) map
I (252) esp_image: segment 4: paddr=000abad8 vaddr=4037bd04 size=0bc54h ( 48212) load
I (273) boot: Loaded app from partition at offset 0x10000
I (273) boot: Disabling RNG early entropy source...
M3 board-only AP=Rovi M3 ip=192.168.4.1:7777 WPA2 channel=1 watchdog_ms=1000 max_age_ms=250 consumer_ms=20 capacity=8
BLE advertising at_ms=932
CONNECT src=Wifi session=20929617854465 at_ms=13009
RX src=Wifi session=20929617854465 seq=1 cmd=Ping rx_ms=13014 expires_ms=13135 order=1 depth=0 status=Ping
RX src=Wifi session=20929617854465 seq=2 cmd=Forward rx_ms=13019 expires_ms=13143 order=2 depth=1 status=Queued
OUT at_ms=13037 depth=0 event=Apply(Entry { input: Input { source: Wifi, session: 20929617854465, seq: 2, expires_ms: 13143, command: Forward }, order: 2, received_ms: 13019 })
RX src=Wifi session=20929617854465 seq=3 cmd=Stop rx_ms=13179 expires_ms=13251 order=3 depth=0 status=Stop
OUT at_ms=13183 depth=0 event=Safety { reason: Stop, at_ms: 13179, purged: 0, entry: Some(Entry { input: Input { source: Wifi, session: 20929617854465, seq: 3, expires_ms: 13251, command: Stop }, order: 3, received_ms: 13179 }) }
DISCONNECT src=Wifi session=20929617854465 at_ms=13281
OUT at_ms=13289 depth=0 event=Safety { reason: Disconnect(Wifi), at_ms: 13281, purged: 0, entry: None }
Terminated                 espflash monitor --non-interactive --port /dev/ttyACM0
